Archive member included to satisfy reference by file (symbol)

/home/vagrant/Tutorials/experiments/MAC/server/bin/native/server_udp.a(main.o)
                              /usr/lib/gcc/x86_64-linux-gnu/5/../../../../lib32/crt1.o (main)
/home/vagrant/Tutorials/experiments/MAC/server/bin/native/board.a(board_init.o)
                              /home/vagrant/Tutorials/experiments/MAC/server/bin/native/cpu/startup.o (board_init)
/home/vagrant/Tutorials/experiments/MAC/server/bin/native/core.a(sched.o)
                              /home/vagrant/Tutorials/experiments/MAC/server/bin/native/server_udp.a(main.o) (sched_active_pid)
/home/vagrant/Tutorials/experiments/MAC/server/bin/native/core.a(kernel_init.o)
                              /home/vagrant/Tutorials/experiments/MAC/server/bin/native/cpu/startup.o (kernel_init)
/home/vagrant/Tutorials/experiments/MAC/server/bin/native/core.a(thread.o)
                              /home/vagrant/Tutorials/experiments/MAC/server/bin/native/server_udp.a(main.o) (thread_create)
/home/vagrant/Tutorials/experiments/MAC/server/bin/native/core.a(assert.o)
                              /home/vagrant/Tutorials/experiments/MAC/server/bin/native/cpu/startup.o (_assert_failure)
/home/vagrant/Tutorials/experiments/MAC/server/bin/native/core.a(msg.o)
                              /home/vagrant/Tutorials/experiments/MAC/server/bin/native/server_udp.a(main.o) (msg_receive)
/home/vagrant/Tutorials/experiments/MAC/server/bin/native/core.a(panic.o)
                              /home/vagrant/Tutorials/experiments/MAC/server/bin/native/core.a(assert.o) (assert_crash_message)
/home/vagrant/Tutorials/experiments/MAC/server/bin/native/core.a(bitarithm.o)
                              /home/vagrant/Tutorials/experiments/MAC/server/bin/native/core.a(sched.o) (bitarithm_lsb)
/home/vagrant/Tutorials/experiments/MAC/server/bin/native/cpu.a(syscalls.o)
                              /home/vagrant/Tutorials/experiments/MAC/server/bin/native/cpu/startup.o (real_exit)
/home/vagrant/Tutorials/experiments/MAC/server/bin/native/cpu.a(irq_cpu.o)
                              /home/vagrant/Tutorials/experiments/MAC/server/bin/native/cpu.a(syscalls.o) (native_interrupts_enabled)
/home/vagrant/Tutorials/experiments/MAC/server/bin/native/cpu.a(native_cpu.o)
                              /home/vagrant/Tutorials/experiments/MAC/server/bin/native/core.a(thread.o) (thread_stack_init)
/home/vagrant/Tutorials/experiments/MAC/server/bin/native/cpu.a(tramp.o)
                              /home/vagrant/Tutorials/experiments/MAC/server/bin/native/cpu.a(irq_cpu.o) (_native_sig_leave_tramp)
/home/vagrant/Tutorials/experiments/MAC/server/bin/native/gnrc_netapi.a(gnrc_netapi.o)
                              /home/vagrant/Tutorials/experiments/MAC/server/bin/native/server_udp.a(main.o) (gnrc_netapi_send)
/home/vagrant/Tutorials/experiments/MAC/server/bin/native/gnrc_netif.a(gnrc_netif.o)
                              /home/vagrant/Tutorials/experiments/MAC/server/bin/native/server_udp.a(main.o) (gnrc_netif_get_by_pid)
/home/vagrant/Tutorials/experiments/MAC/server/bin/native/gnrc_netif_hdr.a(gnrc_netif_hdr.o)
                              /home/vagrant/Tutorials/experiments/MAC/server/bin/native/server_udp.a(main.o) (gnrc_netif_hdr_build)
/home/vagrant/Tutorials/experiments/MAC/server/bin/native/gnrc_netreg.a(gnrc_netreg.o)
                              /home/vagrant/Tutorials/experiments/MAC/server/bin/native/server_udp.a(main.o) (gnrc_netreg_register)
/home/vagrant/Tutorials/experiments/MAC/server/bin/native/gnrc_pkt.a(gnrc_pkt.o)
                              /home/vagrant/Tutorials/experiments/MAC/server/bin/native/gnrc_netif_hdr.a(gnrc_netif_hdr.o) (gnrc_pktsnip_search_type)
/home/vagrant/Tutorials/experiments/MAC/server/bin/native/gnrc_pktbuf_static.a(gnrc_pktbuf_static.o)
                              /home/vagrant/Tutorials/experiments/MAC/server/bin/native/server_udp.a(main.o) (gnrc_pktbuf_add)
/home/vagrant/Tutorials/experiments/MAC/server/bin/native/native-drivers.a(native-led.o)
                              /home/vagrant/Tutorials/experiments/MAC/server/bin/native/board.a(board_init.o) (_native_LED_GREEN_ON)
/home/vagrant/Tutorials/experiments/MAC/server/bin/native/od.a(od.o)
                              /home/vagrant/Tutorials/experiments/MAC/server/bin/native/server_udp.a(main.o) (od_hex_dump)
/home/vagrant/Tutorials/experiments/MAC/server/bin/native/periph.a(uart.o)
                              /home/vagrant/Tutorials/experiments/MAC/server/bin/native/cpu/startup.o (tty_uart_setup)
/home/vagrant/Tutorials/experiments/MAC/server/bin/native/periph.a(pm.o)
                              /home/vagrant/Tutorials/experiments/MAC/server/bin/native/core.a(kernel_init.o) (pm_set_lowest)
/home/vagrant/Tutorials/experiments/MAC/server/bin/native/ps.a(ps.o)
                              /home/vagrant/Tutorials/experiments/MAC/server/bin/native/core.a(panic.o) (ps)
[...]
Memory Configuration

Name             Origin             Length             Attributes
*default*        0x0000000000000000 0xffffffffffffffff

Linker script and memory map

LOAD /usr/lib/gcc/x86_64-linux-gnu/5/../../../../lib32/crt1.o
LOAD /usr/lib/gcc/x86_64-linux-gnu/5/../../../../lib32/crti.o
LOAD /usr/lib/gcc/x86_64-linux-gnu/5/32/crtbegin.o
LOAD /home/vagrant/Tutorials/experiments/MAC/server/bin/native/cpu/startup.o
START GROUP
LOAD /home/vagrant/Tutorials/experiments/MAC/server/bin/native/server_udp.a
LOAD /home/vagrant/Tutorials/experiments/MAC/server/bin/native/auto_init.a
LOAD /home/vagrant/Tutorials/experiments/MAC/server/bin/native/auto_init_gnrc_netif.a
LOAD /home/vagrant/Tutorials/experiments/MAC/server/bin/native/board.a
LOAD /home/vagrant/Tutorials/experiments/MAC/server/bin/native/core.a
LOAD /home/vagrant/Tutorials/experiments/MAC/server/bin/native/cpu.a
LOAD /home/vagrant/Tutorials/experiments/MAC/server/bin/native/div.a
LOAD /home/vagrant/Tutorials/experiments/MAC/server/bin/native/fmt.a
LOAD /home/vagrant/Tutorials/experiments/MAC/server/bin/native/gnrc.a
LOAD /home/vagrant/Tutorials/experiments/MAC/server/bin/native/gnrc_netapi.a
LOAD /home/vagrant/Tutorials/experiments/MAC/server/bin/native/gnrc_netif.a
LOAD /home/vagrant/Tutorials/experiments/MAC/server/bin/native/gnrc_netif_hdr.a
LOAD /home/vagrant/Tutorials/experiments/MAC/server/bin/native/gnrc_netreg.a
LOAD /home/vagrant/Tutorials/experiments/MAC/server/bin/native/gnrc_pkt.a
LOAD /home/vagrant/Tutorials/experiments/MAC/server/bin/native/gnrc_pktbuf.a
LOAD /home/vagrant/Tutorials/experiments/MAC/server/bin/native/gnrc_pktbuf_static.a
LOAD /home/vagrant/Tutorials/experiments/MAC/server/bin/native/native-drivers.a
LOAD /home/vagrant/Tutorials/experiments/MAC/server/bin/native/netdev_eth.a
LOAD /home/vagrant/Tutorials/experiments/MAC/server/bin/native/netdev_tap.a
LOAD /home/vagrant/Tutorials/experiments/MAC/server/bin/native/od.a
LOAD /home/vagrant/Tutorials/experiments/MAC/server/bin/native/periph.a
LOAD /home/vagrant/Tutorials/experiments/MAC/server/bin/native/ps.a
LOAD /home/vagrant/Tutorials/experiments/MAC/server/bin/native/shell.a
LOAD /home/vagrant/Tutorials/experiments/MAC/server/bin/native/shell_commands.a
LOAD /home/vagrant/Tutorials/experiments/MAC/server/bin/native/sys.a
LOAD /home/vagrant/Tutorials/experiments/MAC/server/bin/native/xtimer.a
LOAD /usr/lib/gcc/x86_64-linux-gnu/5/../../../../lib32/libm.so
END GROUP
LOAD /usr/lib/gcc/x86_64-linux-gnu/5/../../../../lib32/libdl.so
LOAD /usr/lib/gcc/x86_64-linux-gnu/5/32/libgcc.a
LOAD /usr/lib/gcc/x86_64-linux-gnu/5/32/libgcc_s.so
LOAD /usr/lib/gcc/x86_64-linux-gnu/5/../../../../lib32/libc.so
START GROUP
LOAD /lib32/libc.so.6
LOAD /usr/lib32/libc_nonshared.a
LOAD /lib32/ld-linux.so.2
END GROUP
LOAD /usr/lib/gcc/x86_64-linux-gnu/5/32/libgcc.a
LOAD /usr/lib/gcc/x86_64-linux-gnu/5/32/libgcc_s.so
LOAD /usr/lib/gcc/x86_64-linux-gnu/5/32/crtend.o
LOAD /usr/lib/gcc/x86_64-linux-gnu/5/../../../../lib32/crtn.o
                [!provide]                        PROVIDE (__executable_start, 0x8048000)
                0x0000000008048154                . = (0x8048000 + SIZEOF_HEADERS)

.interp         0x0000000008048154       0x13
 *(.interp)
 .interp        0x0000000008048154       0x13 /usr/lib/gcc/x86_64-linux-gnu/5/../../../../lib32/crt1.o

.note.ABI-tag   0x0000000008048168       0x20
 .note.ABI-tag  0x0000000008048168       0x20 /usr/lib/gcc/x86_64-linux-gnu/5/../../../../lib32/crt1.o

.note.gnu.build-id
                0x0000000008048188       0x24
 *(.note.gnu.build-id)
 .note.gnu.build-id
                0x0000000008048188       0x24 /usr/lib/gcc/x86_64-linux-gnu/5/../../../../lib32/crt1.o

.hash
 *(.hash)

.gnu.hash       0x00000000080481ac       0xc0
 *(.gnu.hash)
 .gnu.hash      0x00000000080481ac       0xc0 /usr/lib/gcc/x86_64-linux-gnu/5/../../../../lib32/crt1.o

.dynsym         0x000000000804826c      0x3c0
 *(.dynsym)
 .dynsym        0x000000000804826c      0x3c0 /usr/lib/gcc/x86_64-linux-gnu/5/../../../../lib32/crt1.o

.dynstr         0x000000000804862c      0x237
 *(.dynstr)
 .dynstr        0x000000000804862c      0x237 /usr/lib/gcc/x86_64-linux-gnu/5/../../../../lib32/crt1.o

.gnu.version    0x0000000008048864       0x78
 *(.gnu.version)
 .gnu.version   0x0000000008048864       0x78 /usr/lib/gcc/x86_64-linux-gnu/5/../../../../lib32/crt1.o

.gnu.version_d  0x00000000080488dc        0x0
 *(.gnu.version_d)
 .gnu.version_d
                0x00000000080488dc        0x0 /usr/lib/gcc/x86_64-linux-gnu/5/../../../../lib32/crt1.o

.gnu.version_r  0x00000000080488dc       0x60
 *(.gnu.version_r)
 .gnu.version_r
                0x00000000080488dc       0x60 /usr/lib/gcc/x86_64-linux-gnu/5/../../../../lib32/crt1.o

.rel.dyn        0x000000000804893c       0x20
 *(.rel.init)
 *(.rel.text .rel.text.* .rel.gnu.linkonce.t.*)
 .rel.text      0x000000000804893c        0x0 /usr/lib/gcc/x86_64-linux-gnu/5/../../../../lib32/crt1.o
 .rel.text._native_input
                0x000000000804893c        0x0 /usr/lib/gcc/x86_64-linux-gnu/5/../../../../lib32/crt1.o
 .rel.text._native_log_output
                0x000000000804893c        0x0 /usr/lib/gcc/x86_64-linux-gnu/5/../../../../lib32/crt1.o
 .rel.text.daemonize
                0x000000000804893c        0x0 /usr/lib/gcc/x86_64-linux-gnu/5/../../../../lib32/crt1.o
 .rel.text.filter_daemonize_argv
                0x000000000804893c        0x0 /usr/lib/gcc/x86_64-linux-gnu/5/../../../../lib32/crt1.o
 .rel.text.usage_exit
                0x000000000804893c        0x0 /usr/lib/gcc/x86_64-linux-gnu/5/../../../../lib32/crt1.o
 .rel.text.startup
                0x000000000804893c        0x0 /usr/lib/gcc/x86_64-linux-gnu/5/../../../../lib32/crt1.o
 .rel.text.gnrc_pktbuf_release
                0x000000000804893c        0x0 /usr/lib/gcc/x86_64-linux-gnu/5/../../../../lib32/crt1.o
 .rel.text._is_iface
                0x000000000804893c        0x0 /usr/lib/gcc/x86_64-linux-gnu/5/../../../../lib32/crt1.o
 .rel.text.send
                0x000000000804893c        0x0 /usr/lib/gcc/x86_64-linux-gnu/5/../../../../lib32/crt1.o
 .rel.text.dummy_calls
                0x000000000804893c        0x0 /usr/lib/gcc/x86_64-linux-gnu/5/../../../../lib32/crt1.o
 .rel.text.main
                0x000000000804893c        0x0 /usr/lib/gcc/x86_64-linux-gnu/5/../../../../lib32/crt1.o
 .rel.text.rcv_pkt
                0x000000000804893c        0x0 /usr/lib/gcc/x86_64-linux-gnu/5/../../../../lib32/crt1.o
 .rel.text.board_init
                0x000000000804893c        0x0 /usr/lib/gcc/x86_64-linux-gnu/5/../../../../lib32/crt1.o
 .rel.text.clist_rpush
                0x000000000804893c        0x0 /usr/lib/gcc/x86_64-linux-gnu/5/../../../../lib32/crt1.o
 .rel.text.clist_lpop
                0x000000000804893c        0x0 /usr/lib/gcc/x86_64-linux-gnu/5/../../../../lib32/crt1.o
 .rel.text.sched_run
                0x000000000804893c        0x0 /usr/lib/gcc/x86_64-linux-gnu/5/../../../../lib32/crt1.o
 .rel.text.sched_set_status
                0x000000000804893c        0x0 /usr/lib/gcc/x86_64-linux-gnu/5/../../../../lib32/crt1.o
 .rel.text.sched_switch
                0x000000000804893c        0x0 /usr/lib/gcc/x86_64-linux-gnu/5/../../../../lib32/crt1.o
 .rel.text.sched_task_exit
                0x000000000804893c        0x0 /usr/lib/gcc/x86_64-linux-gnu/5/../../../../lib32/crt1.o
 .rel.text.main_trampoline
                0x000000000804893c        0x0 /usr/lib/gcc/x86_64-linux-gnu/5/../../../../lib32/crt1.o
 .rel.text.idle_thread
                0x000000000804893c        0x0 /usr/lib/gcc/x86_64-linux-gnu/5/../../../../lib32/crt1.o
 .rel.text.kernel_init
                0x000000000804893c        0x0 /usr/lib/gcc/x86_64-linux-gnu/5/../../../../lib32/crt1.o
 .rel.text.clist_lpoprpush
                0x000000000804893c        0x0 /usr/lib/gcc/x86_64-linux-gnu/5/../../../../lib32/crt1.o
 .rel.text.cib_init
                0x000000000804893c        0x0 /usr/lib/gcc/x86_64-linux-gnu/5/../../../../lib32/crt1.o
 .rel.text.pid_is_valid
                0x000000000804893c        0x0 /usr/lib/gcc/x86_64-linux-gnu/5/../../../../lib32/crt1.o
 .rel.text.thread_get
                0x000000000804893c        0x0 /usr/lib/gcc/x86_64-linux-gnu/5/../../../../lib32/crt1.o
 .rel.text.thread_getstatus
                0x000000000804893c        0x0 /usr/lib/gcc/x86_64-linux-gnu/5/../../../../lib32/crt1.o
 .rel.text.thread_getname
                0x000000000804893c        0x0 /usr/lib/gcc/x86_64-linux-gnu/5/../../../../lib32/crt1.o
 .rel.text.thread_sleep
                0x000000000804893c        0x0 /usr/lib/gcc/x86_64-linux-gnu/5/../../../../lib32/crt1.o
 .rel.text.thread_wakeup
                0x000000000804893c        0x0 /usr/lib/gcc/x86_64-linux-gnu/5/../../../../lib32/crt1.o
 .rel.text.thread_yield
                0x000000000804893c        0x0 /usr/lib/gcc/x86_64-linux-gnu/5/../../../../lib32/crt1.o
 .rel.text.thread_add_to_list
                0x000000000804893c        0x0 /usr/lib/gcc/x86_64-linux-gnu/5/../../../../lib32/crt1.o
 .rel.text.thread_measure_stack_free
                0x000000000804893c        0x0 /usr/lib/gcc/x86_64-linux-gnu/5/../../../../lib32/crt1.o
 .rel.text.thread_create
                0x000000000804893c        0x0 /usr/lib/gcc/x86_64-linux-gnu/5/../../../../lib32/crt1.o
 .rel.text._assert_failure
                0x000000000804893c        0x0 /usr/lib/gcc/x86_64-linux-gnu/5/../../../../lib32/crt1.o
 .rel.text.list_remove_head
                0x000000000804893c        0x0 /usr/lib/gcc/x86_64-linux-gnu/5/../../../../lib32/crt1.o
 .rel.text.cib_avail
                0x000000000804893c        0x0 /usr/lib/gcc/x86_64-linux-gnu/5/../../../../lib32/crt1.o
 .rel.text.cib_get
                0x000000000804893c        0x0 /usr/lib/gcc/x86_64-linux-gnu/5/../../../../lib32/crt1.o
 .rel.text.cib_put
                0x000000000804893c        0x0 /usr/lib/gcc/x86_64-linux-gnu/5/../../../../lib32/crt1.o
 .rel.text.queue_msg
                0x000000000804893c        0x0 /usr/lib/gcc/x86_64-linux-gnu/5/../../../../lib32/crt1.o
 .rel.text.msg_send
                0x000000000804893c        0x0 /usr/lib/gcc/x86_64-linux-gnu/5/../../../../lib32/crt1.o
 .rel.text.msg_try_send
                0x000000000804893c        0x0 /usr/lib/gcc/x86_64-linux-gnu/5/../../../../lib32/crt1.o
 .rel.text._msg_send
                0x000000000804893c        0x0 /usr/lib/gcc/x86_64-linux-gnu/5/../../../../lib32/crt1.o
 .rel.text.msg_send_to_self
                0x000000000804893c        0x0 /usr/lib/gcc/x86_64-linux-gnu/5/../../../../lib32/crt1.o
 .rel.text.msg_send_int
                0x000000000804893c        0x0 /usr/lib/gcc/x86_64-linux-gnu/5/../../../../lib32/crt1.o
 .rel.text.msg_send_receive
                0x000000000804893c        0x0 /usr/lib/gcc/x86_64-linux-gnu/5/../../../../lib32/crt1.o
 .rel.text.msg_reply
                0x000000000804893c        0x0 /usr/lib/gcc/x86_64-linux-gnu/5/../../../../lib32/crt1.o
 .rel.text.msg_reply_int
                0x000000000804893c        0x0 /usr/lib/gcc/x86_64-linux-gnu/5/../../../../lib32/crt1.o
 .rel.text.msg_try_receive
                0x000000000804893c        0x0 /usr/lib/gcc/x86_64-linux-gnu/5/../../../../lib32/crt1.o
 .rel.text.msg_receive
                0x000000000804893c        0x0 /usr/lib/gcc/x86_64-linux-gnu/5/../../../../lib32/crt1.o
 .rel.text._msg_receive
                0x000000000804893c        0x0 /usr/lib/gcc/x86_64-linux-gnu/5/../../../../lib32/crt1.o
 .rel.text.msg_avail
                0x000000000804893c        0x0 /usr/lib/gcc/x86_64-linux-gnu/5/../../../../lib32/crt1.o
 .rel.text.msg_init_queue
                0x000000000804893c        0x0 /usr/lib/gcc/x86_64-linux-gnu/5/../../../../lib32/crt1.o
 .rel.text.msg_queue_print
                0x000000000804893c        0x0 /usr/lib/gcc/x86_64-linux-gnu/5/../../../../lib32/crt1.o
 .rel.text.panic_arch
                0x000000000804893c        0x0 /usr/lib/gcc/x86_64-linux-gnu/5/../../../../lib32/crt1.o
 .rel.text.core_panic
                0x000000000804893c        0x0 /usr/lib/gcc/x86_64-linux-gnu/5/../../../../lib32/crt1.o
 .rel.text.bitarithm_msb
                0x000000000804893c        0x0 /usr/lib/gcc/x86_64-linux-gnu/5/../../../../lib32/crt1.o
 .rel.text.bitarithm_lsb
                0x000000000804893c        0x0 /usr/lib/gcc/x86_64-linux-gnu/5/../../../../lib32/crt1.o
 .rel.text.bitarithm_bits_set
                0x000000000804893c        0x0 /usr/lib/gcc/x86_64-linux-gnu/5/../../../../lib32/crt1.o
 .rel.text._native_syscall_enter
                0x000000000804893c        0x0 /usr/lib/gcc/x86_64-linux-gnu/5/../../../../lib32/crt1.o
 .rel.text._native_syscall_leave
                0x000000000804893c        0x0 /usr/lib/gcc/x86_64-linux-gnu/5/../../../../lib32/crt1.o
 .rel.text.malloc
                0x000000000804893c        0x0 /usr/lib/gcc/x86_64-linux-gnu/5/../../../../lib32/crt1.o
 .rel.text.free
                0x000000000804893c        0x0 /usr/lib/gcc/x86_64-linux-gnu/5/../../../../lib32/crt1.o
 .rel.text.calloc
                0x000000000804893c        0x0 /usr/lib/gcc/x86_64-linux-gnu/5/../../../../lib32/crt1.o
 .rel.text.realloc
                0x000000000804893c        0x0 /usr/lib/gcc/x86_64-linux-gnu/5/../../../../lib32/crt1.o
 .rel.text._native_read
                0x000000000804893c        0x0 /usr/lib/gcc/x86_64-linux-gnu/5/../../../../lib32/crt1.o
 .rel.text._native_write
                0x000000000804893c        0x0 /usr/lib/gcc/x86_64-linux-gnu/5/../../../../lib32/crt1.o
 .rel.text._native_writev
                0x000000000804893c        0x0 /usr/lib/gcc/x86_64-linux-gnu/5/../../../../lib32/crt1.o
 .rel.text.putchar
                0x000000000804893c        0x0 /usr/lib/gcc/x86_64-linux-gnu/5/../../../../lib32/crt1.o
 .rel.text.puts
                0x000000000804893c        0x0 /usr/lib/gcc/x86_64-linux-gnu/5/../../../../lib32/crt1.o
 .rel.text.make_message
                0x000000000804893c        0x0 /usr/lib/gcc/x86_64-linux-gnu/5/../../../../lib32/crt1.o
 .rel.text.printf
                0x000000000804893c        0x0 /usr/lib/gcc/x86_64-linux-gnu/5/../../../../lib32/crt1.o
 .rel.text.vprintf
                0x000000000804893c        0x0 /usr/lib/gcc/x86_64-linux-gnu/5/../../../../lib32/crt1.o
 .rel.text.fprintf
                0x000000000804893c        0x0 /usr/lib/gcc/x86_64-linux-gnu/5/../../../../lib32/crt1.o
 .rel.text.vfprintf
                0x000000000804893c        0x0 /usr/lib/gcc/x86_64-linux-gnu/5/../../../../lib32/crt1.o
 .rel.text.vwarn
                0x000000000804893c        0x0 /usr/lib/gcc/x86_64-linux-gnu/5/../../../../lib32/crt1.o
 .rel.text.vwarnx
                0x000000000804893c        0x0 /usr/lib/gcc/x86_64-linux-gnu/5/../../../../lib32/crt1.o
 .rel.text.warn
                0x000000000804893c        0x0 /usr/lib/gcc/x86_64-linux-gnu/5/../../../../lib32/crt1.o
 .rel.text.warnx
                0x000000000804893c        0x0 /usr/lib/gcc/x86_64-linux-gnu/5/../../../../lib32/crt1.o
 .rel.text.getpid
                0x000000000804893c        0x0 /usr/lib/gcc/x86_64-linux-gnu/5/../../../../lib32/crt1.o
 .rel.text._gettimeofday
                0x000000000804893c        0x0 /usr/lib/gcc/x86_64-linux-gnu/5/../../../../lib32/crt1.o
 .rel.text._native_init_syscalls
                0x000000000804893c        0x0 /usr/lib/gcc/x86_64-linux-gnu/5/../../../../lib32/crt1.o
 .rel.text.thread_isr_stack_pointer
                0x000000000804893c        0x0 /usr/lib/gcc/x86_64-linux-gnu/5/../../../../lib32/crt1.o
 .rel.text.thread_isr_stack_start
                0x000000000804893c        0x0 /usr/lib/gcc/x86_64-linux-gnu/5/../../../../lib32/crt1.o
 .rel.text.print_thread_sigmask
                0x000000000804893c        0x0 /usr/lib/gcc/x86_64-linux-gnu/5/../../../../lib32/crt1.o
 .rel.text.print_sigmasks
                0x000000000804893c        0x0 /usr/lib/gcc/x86_64-linux-gnu/5/../../../../lib32/crt1.o
 .rel.text.native_print_signals
                0x000000000804893c        0x0 /usr/lib/gcc/x86_64-linux-gnu/5/../../../../lib32/crt1.o
 .rel.text.irq_disable
                0x000000000804893c        0x0 /usr/lib/gcc/x86_64-linux-gnu/5/../../../../lib32/crt1.o
 .rel.text.irq_enable
                0x000000000804893c        0x0 /usr/lib/gcc/x86_64-linux-gnu/5/../../../../lib32/crt1.o
 .rel.text.irq_restore
                0x000000000804893c        0x0 /usr/lib/gcc/x86_64-linux-gnu/5/../../../../lib32/crt1.o
 .rel.text.irq_is_in
                0x000000000804893c        0x0 /usr/lib/gcc/x86_64-linux-gnu/5/../../../../lib32/crt1.o
 .rel.text._native_popsig
                0x000000000804893c        0x0 /usr/lib/gcc/x86_64-linux-gnu/5/../../../../lib32/crt1.o
 .rel.text.native_irq_handler
                0x000000000804893c        0x0 /usr/lib/gcc/x86_64-linux-gnu/5/../../../../lib32/crt1.o
 .rel.text.isr_set_sigmask
                0x000000000804893c        0x0 /usr/lib/gcc/x86_64-linux-gnu/5/../../../../lib32/crt1.o
 .rel.text.native_isr_entry
                0x000000000804893c        0x0 /usr/lib/gcc/x86_64-linux-gnu/5/../../../../lib32/crt1.o
 .rel.text.set_signal_handler
                0x000000000804893c        0x0 /usr/lib/gcc/x86_64-linux-gnu/5/../../../../lib32/crt1.o
 .rel.text.register_interrupt
                0x000000000804893c        0x0 /usr/lib/gcc/x86_64-linux-gnu/5/../../../../lib32/crt1.o
 .rel.text.unregister_interrupt
                0x000000000804893c        0x0 /usr/lib/gcc/x86_64-linux-gnu/5/../../../../lib32/crt1.o
 .rel.text.native_shutdown
                0x000000000804893c        0x0 /usr/lib/gcc/x86_64-linux-gnu/5/../../../../lib32/crt1.o
 .rel.text.native_interrupt_init
                0x000000000804893c        0x0 /usr/lib/gcc/x86_64-linux-gnu/5/../../../../lib32/crt1.o
 .rel.text._native_mod_ctx_leave_sigh
                0x000000000804893c        0x0 /usr/lib/gcc/x86_64-linux-gnu/5/../../../../lib32/crt1.o
 .rel.text.thread_print_stack
                0x000000000804893c        0x0 /usr/lib/gcc/x86_64-linux-gnu/5/../../../../lib32/crt1.o
 .rel.text.thread_isr_stack_usage
                0x000000000804893c        0x0 /usr/lib/gcc/x86_64-linux-gnu/5/../../../../lib32/crt1.o
 .rel.text.thread_stack_init
                0x000000000804893c        0x0 /usr/lib/gcc/x86_64-linux-gnu/5/../../../../lib32/crt1.o
 .rel.text.isr_cpu_switch_context_exit
                0x000000000804893c        0x0 /usr/lib/gcc/x86_64-linux-gnu/5/../../../../lib32/crt1.o
 .rel.text.cpu_switch_context_exit
                0x000000000804893c        0x0 /usr/lib/gcc/x86_64-linux-gnu/5/../../../../lib32/crt1.o
 .rel.text.isr_thread_yield
                0x000000000804893c        0x0 /usr/lib/gcc/x86_64-linux-gnu/5/../../../../lib32/crt1.o
 .rel.text.thread_yield_higher
                0x000000000804893c        0x0 /usr/lib/gcc/x86_64-linux-gnu/5/../../../../lib32/crt1.o
 .rel.text.native_cpu_init
                0x000000000804893c        0x0 /usr/lib/gcc/x86_64-linux-gnu/5/../../../../lib32/crt1.o
 .rel.text._get_set
                0x000000000804893c        0x0 /usr/lib/gcc/x86_64-linux-gnu/5/../../../../lib32/crt1.o
 .rel.text._snd_rcv
                0x000000000804893c        0x0 /usr/lib/gcc/x86_64-linux-gnu/5/../../../../lib32/crt1.o
 .rel.text.gnrc_netapi_dispatch
                0x000000000804893c        0x0 /usr/lib/gcc/x86_64-linux-gnu/5/../../../../lib32/crt1.o
 .rel.text.gnrc_netapi_send
                0x000000000804893c        0x0 /usr/lib/gcc/x86_64-linux-gnu/5/../../../../lib32/crt1.o
 .rel.text.gnrc_netapi_receive
                0x000000000804893c        0x0 /usr/lib/gcc/x86_64-linux-gnu/5/../../../../lib32/crt1.o
 .rel.text.gnrc_netapi_get
                0x000000000804893c        0x0 /usr/lib/gcc/x86_64-linux-gnu/5/../../../../lib32/crt1.o
 .rel.text.gnrc_netapi_set
                0x000000000804893c        0x0 /usr/lib/gcc/x86_64-linux-gnu/5/../../../../lib32/crt1.o
 .rel.text.gnrc_netapi_dispatch_receive
                0x000000000804893c        0x0 /usr/lib/gcc/x86_64-linux-gnu/5/../../../../lib32/crt1.o
 .rel.text.rmutex_init
                0x000000000804893c        0x0 /usr/lib/gcc/x86_64-linux-gnu/5/../../../../lib32/crt1.o
 .rel.text.gnrc_netif_create
                0x000000000804893c        0x0 /usr/lib/gcc/x86_64-linux-gnu/5/../../../../lib32/crt1.o
 .rel.text.gnrc_netif_numof
                0x000000000804893c        0x0 /usr/lib/gcc/x86_64-linux-gnu/5/../../../../lib32/crt1.o
 .rel.text.gnrc_netif_iter
                0x000000000804893c        0x0 /usr/lib/gcc/x86_64-linux-gnu/5/../../../../lib32/crt1.o
 .rel.text.gnrc_netif_get_from_netdev
                0x000000000804893c        0x0 /usr/lib/gcc/x86_64-linux-gnu/5/../../../../lib32/crt1.o
 .rel.text.gnrc_netif_set_from_netdev
                0x000000000804893c        0x0 /usr/lib/gcc/x86_64-linux-gnu/5/../../../../lib32/crt1.o
 .rel.text.gnrc_netif_get_by_pid
                0x000000000804893c        0x0 /usr/lib/gcc/x86_64-linux-gnu/5/../../../../lib32/crt1.o
 .rel.text._half_byte_to_char
                0x000000000804893c        0x0 /usr/lib/gcc/x86_64-linux-gnu/5/../../../../lib32/crt1.o
 .rel.text.gnrc_netif_addr_to_str
                0x000000000804893c        0x0 /usr/lib/gcc/x86_64-linux-gnu/5/../../../../lib32/crt1.o
 .rel.text._dehex
                0x000000000804893c        0x0 /usr/lib/gcc/x86_64-linux-gnu/5/../../../../lib32/crt1.o
 .rel.text.gnrc_netif_addr_from_str
                0x000000000804893c        0x0 /usr/lib/gcc/x86_64-linux-gnu/5/../../../../lib32/crt1.o
 .rel.text.gnrc_netif_acquire
                0x000000000804893c        0x0 /usr/lib/gcc/x86_64-linux-gnu/5/../../../../lib32/crt1.o
 .rel.text.gnrc_netif_release
                0x000000000804893c        0x0 /usr/lib/gcc/x86_64-linux-gnu/5/../../../../lib32/crt1.o
 .rel.text.gnrc_netif_is_6ln
                0x000000000804893c        0x0 /usr/lib/gcc/x86_64-linux-gnu/5/../../../../lib32/crt1.o
 .rel.text._update_l2addr_from_dev
                0x000000000804893c        0x0 /usr/lib/gcc/x86_64-linux-gnu/5/../../../../lib32/crt1.o
 .rel.text._init_from_device
                0x000000000804893c        0x0 /usr/lib/gcc/x86_64-linux-gnu/5/../../../../lib32/crt1.o
 .rel.text._pass_on_packet
                0x000000000804893c        0x0 /usr/lib/gcc/x86_64-linux-gnu/5/../../../../lib32/crt1.o
 .rel.text._event_cb
                0x000000000804893c        0x0 /usr/lib/gcc/x86_64-linux-gnu/5/../../../../lib32/crt1.o
 .rel.text.gnrc_netif_hdr_init
                0x000000000804893c        0x0 /usr/lib/gcc/x86_64-linux-gnu/5/../../../../lib32/crt1.o
 .rel.text.gnrc_netif_hdr_get_src_addr
                0x000000000804893c        0x0 /usr/lib/gcc/x86_64-linux-gnu/5/../../../../lib32/crt1.o
 .rel.text.gnrc_netif_hdr_set_src_addr
                0x000000000804893c        0x0 /usr/lib/gcc/x86_64-linux-gnu/5/../../../../lib32/crt1.o
 .rel.text.gnrc_netif_hdr_get_dst_addr
                0x000000000804893c        0x0 /usr/lib/gcc/x86_64-linux-gnu/5/../../../../lib32/crt1.o
 .rel.text.gnrc_netif_hdr_set_dst_addr
                0x000000000804893c        0x0 /usr/lib/gcc/x86_64-linux-gnu/5/../../../../lib32/crt1.o
 .rel.text.gnrc_netif_hdr_build
                0x000000000804893c        0x0 /usr/lib/gcc/x86_64-linux-gnu/5/../../../../lib32/crt1.o
 .rel.text.gnrc_netif_hdr_get_flag
                0x000000000804893c        0x0 /usr/lib/gcc/x86_64-linux-gnu/5/../../../../lib32/crt1.o
 .rel.text.gnrc_netif_hdr_get_dstaddr
                0x000000000804893c        0x0 /usr/lib/gcc/x86_64-linux-gnu/5/../../../../lib32/crt1.o
 .rel.text.gnrc_netif_hdr_get_srcaddr
                0x000000000804893c        0x0 /usr/lib/gcc/x86_64-linux-gnu/5/../../../../lib32/crt1.o
 .rel.text.gnrc_netreg_init
                0x000000000804893c        0x0 /usr/lib/gcc/x86_64-linux-gnu/5/../../../../lib32/crt1.o
 .rel.text.gnrc_netreg_register
                0x000000000804893c        0x0 /usr/lib/gcc/x86_64-linux-gnu/5/../../../../lib32/crt1.o
 .rel.text.gnrc_netreg_unregister
                0x000000000804893c        0x0 /usr/lib/gcc/x86_64-linux-gnu/5/../../../../lib32/crt1.o
 .rel.text.gnrc_netreg_lookup
                0x000000000804893c        0x0 /usr/lib/gcc/x86_64-linux-gnu/5/../../../../lib32/crt1.o
 .rel.text.gnrc_netreg_num
                0x000000000804893c        0x0 /usr/lib/gcc/x86_64-linux-gnu/5/../../../../lib32/crt1.o
 .rel.text.gnrc_netreg_getnext
                0x000000000804893c        0x0 /usr/lib/gcc/x86_64-linux-gnu/5/../../../../lib32/crt1.o
 .rel.text.gnrc_netreg_calc_csum
                0x000000000804893c        0x0 /usr/lib/gcc/x86_64-linux-gnu/5/../../../../lib32/crt1.o
 .rel.text.gnrc_pktsnip_search_type
                0x000000000804893c        0x0 /usr/lib/gcc/x86_64-linux-gnu/5/../../../../lib32/crt1.o
 .rel.text.mutex_lock
                0x000000000804893c        0x0 /usr/lib/gcc/x86_64-linux-gnu/5/../../../../lib32/crt1.o
 .rel.text.gnrc_pkt_len_upto
                0x000000000804893c        0x0 /usr/lib/gcc/x86_64-linux-gnu/5/../../../../lib32/crt1.o
 .rel.text._pktbuf_contains
                0x000000000804893c        0x0 /usr/lib/gcc/x86_64-linux-gnu/5/../../../../lib32/crt1.o
 .rel.text._align
                0x000000000804893c        0x0 /usr/lib/gcc/x86_64-linux-gnu/5/../../../../lib32/crt1.o
 .rel.text._set_pktsnip
                0x000000000804893c        0x0 /usr/lib/gcc/x86_64-linux-gnu/5/../../../../lib32/crt1.o
 .rel.text.gnrc_pktbuf_init
                0x000000000804893c        0x0 /usr/lib/gcc/x86_64-linux-gnu/5/../../../../lib32/crt1.o
 .rel.text.gnrc_pktbuf_add
                0x000000000804893c        0x0 /usr/lib/gcc/x86_64-linux-gnu/5/../../../../lib32/crt1.o
 .rel.text.gnrc_pktbuf_mark
                0x000000000804893c        0x0 /usr/lib/gcc/x86_64-linux-gnu/5/../../../../lib32/crt1.o
 .rel.text.gnrc_pktbuf_realloc_data
                0x000000000804893c        0x0 /usr/lib/gcc/x86_64-linux-gnu/5/../../../../lib32/crt1.o
 .rel.text.gnrc_pktbuf_hold
                0x000000000804893c        0x0 /usr/lib/gcc/x86_64-linux-gnu/5/../../../../lib32/crt1.o
 .rel.text._release_error_locked
                0x000000000804893c        0x0 /usr/lib/gcc/x86_64-linux-gnu/5/../../../../lib32/crt1.o
 .rel.text.gnrc_pktbuf_release_error
                0x000000000804893c        0x0 /usr/lib/gcc/x86_64-linux-gnu/5/../../../../lib32/crt1.o
 .rel.text.gnrc_pktbuf_start_write
                0x000000000804893c        0x0 /usr/lib/gcc/x86_64-linux-gnu/5/../../../../lib32/crt1.o
 .rel.text._print_chunk
                0x000000000804893c        0x0 /usr/lib/gcc/x86_64-linux-gnu/5/../../../../lib32/crt1.o
 .rel.text._print_unused
                0x000000000804893c        0x0 /usr/lib/gcc/x86_64-linux-gnu/5/../../../../lib32/crt1.o
 .rel.text.gnrc_pktbuf_stats
                0x000000000804893c        0x0 /usr/lib/gcc/x86_64-linux-gnu/5/../../../../lib32/crt1.o
 .rel.text._create_snip
                0x000000000804893c        0x0 /usr/lib/gcc/x86_64-linux-gnu/5/../../../../lib32/crt1.o
 .rel.text._pktbuf_alloc
                0x000000000804893c        0x0 /usr/lib/gcc/x86_64-linux-gnu/5/../../../../lib32/crt1.o
 .rel.text._too_small_hole
                0x000000000804893c        0x0 /usr/lib/gcc/x86_64-linux-gnu/5/../../../../lib32/crt1.o
 .rel.text._merge
                0x000000000804893c        0x0 /usr/lib/gcc/x86_64-linux-gnu/5/../../../../lib32/crt1.o
 .rel.text._pktbuf_free
                0x000000000804893c        0x0 /usr/lib/gcc/x86_64-linux-gnu/5/../../../../lib32/crt1.o
 .rel.text.gnrc_pktbuf_duplicate_upto
                0x000000000804893c        0x0 /usr/lib/gcc/x86_64-linux-gnu/5/../../../../lib32/crt1.o
 .rel.text._native_LED_GREEN_OFF
                0x000000000804893c        0x0 /usr/lib/gcc/x86_64-linux-gnu/5/../../../../lib32/crt1.o
 .rel.text._native_LED_GREEN_ON
                0x000000000804893c        0x0 /usr/lib/gcc/x86_64-linux-gnu/5/../../../../lib32/crt1.o
 .rel.text._native_LED_GREEN_TOGGLE
                0x000000000804893c        0x0 /usr/lib/gcc/x86_64-linux-gnu/5/../../../../lib32/crt1.o
 .rel.text._native_LED_RED_OFF
                0x000000000804893c        0x0 /usr/lib/gcc/x86_64-linux-gnu/5/../../../../lib32/crt1.o
 .rel.text._native_LED_RED_ON
                0x000000000804893c        0x0 /usr/lib/gcc/x86_64-linux-gnu/5/../../../../lib32/crt1.o
 .rel.text._native_LED_RED_TOGGLE
                0x000000000804893c        0x0 /usr/lib/gcc/x86_64-linux-gnu/5/../../../../lib32/crt1.o
 .rel.text.od_hex_dump
                0x000000000804893c        0x0 /usr/lib/gcc/x86_64-linux-gnu/5/../../../../lib32/crt1.o
 .rel.text.tty_uart_setup
                0x000000000804893c        0x0 /usr/lib/gcc/x86_64-linux-gnu/5/../../../../lib32/crt1.o
 .rel.text.io_signal_handler
                0x000000000804893c        0x0 /usr/lib/gcc/x86_64-linux-gnu/5/../../../../lib32/crt1.o
 .rel.text.uart_init
                0x000000000804893c        0x0 /usr/lib/gcc/x86_64-linux-gnu/5/../../../../lib32/crt1.o
 .rel.text.uart_write
                0x000000000804893c        0x0 /usr/lib/gcc/x86_64-linux-gnu/5/../../../../lib32/crt1.o
 .rel.text.pm_set_lowest
                0x000000000804893c        0x0 /usr/lib/gcc/x86_64-linux-gnu/5/../../../../lib32/crt1.o
 .rel.text.pm_reboot
                0x000000000804893c        0x0 /usr/lib/gcc/x86_64-linux-gnu/5/../../../../lib32/crt1.o
 .rel.text.ps   0x000000000804893c        0x0 /usr/lib/gcc/x86_64-linux-gnu/5/../../../../lib32/crt1.o
 .rel.text.find_handler
                0x000000000804893c        0x0 /usr/lib/gcc/x86_64-linux-gnu/5/../../../../lib32/crt1.o
 .rel.text.print_help
                0x000000000804893c        0x0 /usr/lib/gcc/x86_64-linux-gnu/5/../../../../lib32/crt1.o
 .rel.text.handle_input_line
                0x000000000804893c        0x0 /usr/lib/gcc/x86_64-linux-gnu/5/../../../../lib32/crt1.o
 .rel.text.readline
                0x000000000804893c        0x0 /usr/lib/gcc/x86_64-linux-gnu/5/../../../../lib32/crt1.o
 .rel.text.print_prompt
                0x000000000804893c        0x0 /usr/lib/gcc/x86_64-linux-gnu/5/../../../../lib32/crt1.o
 .rel.text._reboot_handler
                0x000000000804893c        0x0 /usr/lib/gcc/x86_64-linux-gnu/5/../../../../lib32/crt1.o
 .rel.text._ps_handler
                0x000000000804893c        0x0 /usr/lib/gcc/x86_64-linux-gnu/5/../../../../lib32/crt1.o
 .rel.text._is_number
                0x000000000804893c        0x0 /usr/lib/gcc/x86_64-linux-gnu/5/../../../../lib32/crt1.o
 .rel.text._set_usage
                0x000000000804893c        0x0 /usr/lib/gcc/x86_64-linux-gnu/5/../../../../lib32/crt1.o
 .rel.text._flag_usage
                0x000000000804893c        0x0 /usr/lib/gcc/x86_64-linux-gnu/5/../../../../lib32/crt1.o
 .rel.text._add_usage
                0x000000000804893c        0x0 /usr/lib/gcc/x86_64-linux-gnu/5/../../../../lib32/crt1.o
 .rel.text._del_usage
                0x000000000804893c        0x0 /usr/lib/gcc/x86_64-linux-gnu/5/../../../../lib32/crt1.o
 .rel.text._print_netopt
                0x000000000804893c        0x0 /usr/lib/gcc/x86_64-linux-gnu/5/../../../../lib32/crt1.o
 .rel.text._newline
                0x000000000804893c        0x0 /usr/lib/gcc/x86_64-linux-gnu/5/../../../../lib32/crt1.o
 .rel.text._netif_list_flag
                0x000000000804893c        0x0 /usr/lib/gcc/x86_64-linux-gnu/5/../../../../lib32/crt1.o
 .rel.text._netif_list
                0x000000000804893c        0x0 /usr/lib/gcc/x86_64-linux-gnu/5/../../../../lib32/crt1.o
 .rel.text._netif_set_u32
                0x000000000804893c        0x0 /usr/lib/gcc/x86_64-linux-gnu/5/../../../../lib32/crt1.o
 .rel.text._netif_set_bandwidth
                0x000000000804893c        0x0 /usr/lib/gcc/x86_64-linux-gnu/5/../../../../lib32/crt1.o
 .rel.text._netif_set_coding_rate
                0x000000000804893c        0x0 /usr/lib/gcc/x86_64-linux-gnu/5/../../../../lib32/crt1.o
 .rel.text._netif_set_u16
                0x000000000804893c        0x0 /usr/lib/gcc/x86_64-linux-gnu/5/../../../../lib32/crt1.o
 .rel.text._netif_set_i16
                0x000000000804893c        0x0 /usr/lib/gcc/x86_64-linux-gnu/5/../../../../lib32/crt1.o
 .rel.text._netif_set_u8
                0x000000000804893c        0x0 /usr/lib/gcc/x86_64-linux-gnu/5/../../../../lib32/crt1.o
 .rel.text._netif_set_flag
                0x000000000804893c        0x0 /usr/lib/gcc/x86_64-linux-gnu/5/../../../../lib32/crt1.o
 .rel.text._netif_set_addr
                0x000000000804893c        0x0 /usr/lib/gcc/x86_64-linux-gnu/5/../../../../lib32/crt1.o
 .rel.text._netif_set_state
                0x000000000804893c        0x0 /usr/lib/gcc/x86_64-linux-gnu/5/../../../../lib32/crt1.o
 .rel.text._hex_to_int
                0x000000000804893c        0x0 /usr/lib/gcc/x86_64-linux-gnu/5/../../../../lib32/crt1.o
 .rel.text._netif_set_encrypt_key
                0x000000000804893c        0x0 /usr/lib/gcc/x86_64-linux-gnu/5/../../../../lib32/crt1.o
 .rel.text._usage
                0x000000000804893c        0x0 /usr/lib/gcc/x86_64-linux-gnu/5/../../../../lib32/crt1.o
 .rel.text._netif_set
                0x000000000804893c        0x0 /usr/lib/gcc/x86_64-linux-gnu/5/../../../../lib32/crt1.o
 .rel.text._netif_flag
                0x000000000804893c        0x0 /usr/lib/gcc/x86_64-linux-gnu/5/../../../../lib32/crt1.o
 .rel.text._netif_add
                0x000000000804893c        0x0 /usr/lib/gcc/x86_64-linux-gnu/5/../../../../lib32/crt1.o
 .rel.text._netif_del
                0x000000000804893c        0x0 /usr/lib/gcc/x86_64-linux-gnu/5/../../../../lib32/crt1.o
 .rel.text._gnrc_netif_send
                0x000000000804893c        0x0 /usr/lib/gcc/x86_64-linux-gnu/5/../../../../lib32/crt1.o
 .rel.text._gnrc_netif_config
                0x000000000804893c        0x0 /usr/lib/gcc/x86_64-linux-gnu/5/../../../../lib32/crt1.o
 .rel.text.list_remove
                0x000000000804893c        0x0 /usr/lib/gcc/x86_64-linux-gnu/5/../../../../lib32/crt1.o
 .rel.text.div_u64_by_15625
                0x000000000804893c        0x0 /usr/lib/gcc/x86_64-linux-gnu/5/../../../../lib32/crt1.o
 .rel.text.div_u64_by_1000000
                0x000000000804893c        0x0 /usr/lib/gcc/x86_64-linux-gnu/5/../../../../lib32/crt1.o
 .rel.text._xtimer_usec_from_ticks64
                0x000000000804893c        0x0 /usr/lib/gcc/x86_64-linux-gnu/5/../../../../lib32/crt1.o
 .rel.text._xtimer_lltimer_now
                0x000000000804893c        0x0 /usr/lib/gcc/x86_64-linux-gnu/5/../../../../lib32/crt1.o
 .rel.text._xtimer_now
                0x000000000804893c        0x0 /usr/lib/gcc/x86_64-linux-gnu/5/../../../../lib32/crt1.o
 .rel.text.xtimer_now64
                0x000000000804893c        0x0 /usr/lib/gcc/x86_64-linux-gnu/5/../../../../lib32/crt1.o
 .rel.text._xtimer_spin
                0x000000000804893c        0x0 /usr/lib/gcc/x86_64-linux-gnu/5/../../../../lib32/crt1.o
 .rel.text.xtimer_usec_from_ticks64
                0x000000000804893c        0x0 /usr/lib/gcc/x86_64-linux-gnu/5/../../../../lib32/crt1.o
 .rel.text._callback_unlock_mutex
                0x000000000804893c        0x0 /usr/lib/gcc/x86_64-linux-gnu/5/../../../../lib32/crt1.o
 .rel.text._xtimer_tsleep
                0x000000000804893c        0x0 /usr/lib/gcc/x86_64-linux-gnu/5/../../../../lib32/crt1.o
 .rel.text._xtimer_periodic_wakeup
                0x000000000804893c        0x0 /usr/lib/gcc/x86_64-linux-gnu/5/../../../../lib32/crt1.o
 .rel.text._callback_msg
                0x000000000804893c        0x0 /usr/lib/gcc/x86_64-linux-gnu/5/../../../../lib32/crt1.o
 .rel.text._setup_msg
                0x000000000804893c        0x0 /usr/lib/gcc/x86_64-linux-gnu/5/../../../../lib32/crt1.o
 .rel.text._xtimer_set_msg
                0x000000000804893c        0x0 /usr/lib/gcc/x86_64-linux-gnu/5/../../../../lib32/crt1.o
 .rel.text._xtimer_set_msg64
                0x000000000804893c        0x0 /usr/lib/gcc/x86_64-linux-gnu/5/../../../../lib32/crt1.o
 .rel.text._callback_wakeup
                0x000000000804893c        0x0 /usr/lib/gcc/x86_64-linux-gnu/5/../../../../lib32/crt1.o
 .rel.text._xtimer_set_wakeup
                0x000000000804893c        0x0 /usr/lib/gcc/x86_64-linux-gnu/5/../../../../lib32/crt1.o
 .rel.text._xtimer_set_wakeup64
                0x000000000804893c        0x0 /usr/lib/gcc/x86_64-linux-gnu/5/../../../../lib32/crt1.o
 .rel.text.xtimer_now_timex
                0x000000000804893c        0x0 /usr/lib/gcc/x86_64-linux-gnu/5/../../../../lib32/crt1.o
 .rel.text._setup_timer_msg
                0x000000000804893c        0x0 /usr/lib/gcc/x86_64-linux-gnu/5/../../../../lib32/crt1.o
 .rel.text._msg_wait
                0x000000000804893c        0x0 /usr/lib/gcc/x86_64-linux-gnu/5/../../../../lib32/crt1.o
 .rel.text._xtimer_msg_receive_timeout64
                0x000000000804893c        0x0 /usr/lib/gcc/x86_64-linux-gnu/5/../../../../lib32/crt1.o
 .rel.text._xtimer_msg_receive_timeout
                0x000000000804893c        0x0 /usr/lib/gcc/x86_64-linux-gnu/5/../../../../lib32/crt1.o
 .rel.text._mutex_timeout
                0x000000000804893c        0x0 /usr/lib/gcc/x86_64-linux-gnu/5/../../../../lib32/crt1.o
 .rel.text.xtimer_mutex_lock_timeout
                0x000000000804893c        0x0 /usr/lib/gcc/x86_64-linux-gnu/5/../../../../lib32/crt1.o
 .rel.text._xtimer_lltimer_mask
                0x000000000804893c        0x0 /usr/lib/gcc/x86_64-linux-gnu/5/../../../../lib32/crt1.o
 .rel.text._is_set
                0x000000000804893c        0x0 /usr/lib/gcc/x86_64-linux-gnu/5/../../../../lib32/crt1.o
 .rel.text.xtimer_spin_until
                0x000000000804893c        0x0 /usr/lib/gcc/x86_64-linux-gnu/5/../../../../lib32/crt1.o
 .rel.text.xtimer_init
                0x000000000804893c        0x0 /usr/lib/gcc/x86_64-linux-gnu/5/../../../../lib32/crt1.o
 .rel.text._xtimer_now_internal
                0x000000000804893c        0x0 /usr/lib/gcc/x86_64-linux-gnu/5/../../../../lib32/crt1.o
 .rel.text._xtimer_now64
                0x000000000804893c        0x0 /usr/lib/gcc/x86_64-linux-gnu/5/../../../../lib32/crt1.o
 .rel.text._xtimer_set64
                0x000000000804893c        0x0 /usr/lib/gcc/x86_64-linux-gnu/5/../../../../lib32/crt1.o
 .rel.text._xtimer_set
                0x000000000804893c        0x0 /usr/lib/gcc/x86_64-linux-gnu/5/../../../../lib32/crt1.o
 .rel.text._periph_timer_callback
                0x000000000804893c        0x0 /usr/lib/gcc/x86_64-linux-gnu/5/../../../../lib32/crt1.o
 .rel.text._shoot
                0x000000000804893c        0x0 /usr/lib/gcc/x86_64-linux-gnu/5/../../../../lib32/crt1.o
 .rel.text._lltimer_set
                0x000000000804893c        0x0 /usr/lib/gcc/x86_64-linux-gnu/5/../../../../lib32/crt1.o
 .rel.text._xtimer_set_absolute
                0x000000000804893c        0x0 /usr/lib/gcc/x86_64-linux-gnu/5/../../../../lib32/crt1.o
 .rel.text._add_timer_to_list
                0x000000000804893c        0x0 /usr/lib/gcc/x86_64-linux-gnu/5/../../../../lib32/crt1.o
 .rel.text._add_timer_to_long_list
                0x000000000804893c        0x0 /usr/lib/gcc/x86_64-linux-gnu/5/../../../../lib32/crt1.o
 .rel.text._remove_timer_from_list
                0x000000000804893c        0x0 /usr/lib/gcc/x86_64-linux-gnu/5/../../../../lib32/crt1.o
 .rel.text._remove
                0x000000000804893c        0x0 /usr/lib/gcc/x86_64-linux-gnu/5/../../../../lib32/crt1.o
 .rel.text.xtimer_remove
                0x000000000804893c        0x0 /usr/lib/gcc/x86_64-linux-gnu/5/../../../../lib32/crt1.o
 .rel.text._time_left
                0x000000000804893c        0x0 /usr/lib/gcc/x86_64-linux-gnu/5/../../../../lib32/crt1.o
 .rel.text._this_high_period
                0x000000000804893c        0x0 /usr/lib/gcc/x86_64-linux-gnu/5/../../../../lib32/crt1.o
 .rel.text._compare
                0x000000000804893c        0x0 /usr/lib/gcc/x86_64-linux-gnu/5/../../../../lib32/crt1.o
 .rel.text._merge_lists
                0x000000000804893c        0x0 /usr/lib/gcc/x86_64-linux-gnu/5/../../../../lib32/crt1.o
 .rel.text._select_long_timers
                0x000000000804893c        0x0 /usr/lib/gcc/x86_64-linux-gnu/5/../../../../lib32/crt1.o
 .rel.text._next_period
                0x000000000804893c        0x0 /usr/lib/gcc/x86_64-linux-gnu/5/../../../../lib32/crt1.o
 .rel.text._timer_callback
                0x000000000804893c        0x0 /usr/lib/gcc/x86_64-linux-gnu/5/../../../../lib32/crt1.o
 .rel.text.auto_init
                0x000000000804893c        0x0 /usr/lib/gcc/x86_64-linux-gnu/5/../../../../lib32/crt1.o
 .rel.text.auto_init_netdev_tap
                0x000000000804893c        0x0 /usr/lib/gcc/x86_64-linux-gnu/5/../../../../lib32/crt1.o
 .rel.text._mutex_lock
                0x000000000804893c        0x0 /usr/lib/gcc/x86_64-linux-gnu/5/../../../../lib32/crt1.o
 .rel.text.mutex_unlock
                0x000000000804893c        0x0 /usr/lib/gcc/x86_64-linux-gnu/5/../../../../lib32/crt1.o
 .rel.text.mutex_unlock_and_sleep
                0x000000000804893c        0x0 /usr/lib/gcc/x86_64-linux-gnu/5/../../../../lib32/crt1.o
 .rel.text.mutex_trylock
                0x000000000804893c        0x0 /usr/lib/gcc/x86_64-linux-gnu/5/../../../../lib32/crt1.o
 .rel.text.thread_getpid
                0x000000000804893c        0x0 /usr/lib/gcc/x86_64-linux-gnu/5/../../../../lib32/crt1.o
 .rel.text._lock
                0x000000000804893c        0x0 /usr/lib/gcc/x86_64-linux-gnu/5/../../../../lib32/crt1.o
 .rel.text.rmutex_lock
                0x000000000804893c        0x0 /usr/lib/gcc/x86_64-linux-gnu/5/../../../../lib32/crt1.o
 .rel.text.rmutex_trylock
                0x000000000804893c        0x0 /usr/lib/gcc/x86_64-linux-gnu/5/../../../../lib32/crt1.o
 .rel.text.rmutex_unlock
                0x000000000804893c        0x0 /usr/lib/gcc/x86_64-linux-gnu/5/../../../../lib32/crt1.o
 .rel.text._async_io_isr
                0x000000000804893c        0x0 /usr/lib/gcc/x86_64-linux-gnu/5/../../../../lib32/crt1.o
 .rel.text.native_async_read_setup
                0x000000000804893c        0x0 /usr/lib/gcc/x86_64-linux-gnu/5/../../../../lib32/crt1.o
 .rel.text.native_async_read_cleanup
                0x000000000804893c        0x0 /usr/lib/gcc/x86_64-linux-gnu/5/../../../../lib32/crt1.o
 .rel.text.native_async_read_continue
                0x000000000804893c        0x0 /usr/lib/gcc/x86_64-linux-gnu/5/../../../../lib32/crt1.o
 .rel.text.native_async_read_add_handler
                0x000000000804893c        0x0 /usr/lib/gcc/x86_64-linux-gnu/5/../../../../lib32/crt1.o
 .rel.text._div_mulhi64
                0x000000000804893c        0x0 /usr/lib/gcc/x86_64-linux-gnu/5/../../../../lib32/crt1.o
 .rel.text._is_digit
                0x000000000804893c        0x0 /usr/lib/gcc/x86_64-linux-gnu/5/../../../../lib32/crt1.o
 .rel.text.fmt_byte_hex
                0x000000000804893c        0x0 /usr/lib/gcc/x86_64-linux-gnu/5/../../../../lib32/crt1.o
 .rel.text.fmt_bytes_hex
                0x000000000804893c        0x0 /usr/lib/gcc/x86_64-linux-gnu/5/../../../../lib32/crt1.o
 .rel.text.fmt_strlen
                0x000000000804893c        0x0 /usr/lib/gcc/x86_64-linux-gnu/5/../../../../lib32/crt1.o
 .rel.text.fmt_str
                0x000000000804893c        0x0 /usr/lib/gcc/x86_64-linux-gnu/5/../../../../lib32/crt1.o
 .rel.text.fmt_bytes_hex_reverse
                0x000000000804893c        0x0 /usr/lib/gcc/x86_64-linux-gnu/5/../../../../lib32/crt1.o
 .rel.text._byte_mod25
                0x000000000804893c        0x0 /usr/lib/gcc/x86_64-linux-gnu/5/../../../../lib32/crt1.o
 .rel.text._hex_nib
                0x000000000804893c        0x0 /usr/lib/gcc/x86_64-linux-gnu/5/../../../../lib32/crt1.o
 .rel.text.fmt_hex_bytes
                0x000000000804893c        0x0 /usr/lib/gcc/x86_64-linux-gnu/5/../../../../lib32/crt1.o
 .rel.text.fmt_u32_hex
                0x000000000804893c        0x0 /usr/lib/gcc/x86_64-linux-gnu/5/../../../../lib32/crt1.o
 .rel.text.fmt_u64_hex
                0x000000000804893c        0x0 /usr/lib/gcc/x86_64-linux-gnu/5/../../../../lib32/crt1.o
 .rel.text.fmt_u64_dec
                0x000000000804893c        0x0 /usr/lib/gcc/x86_64-linux-gnu/5/../../../../lib32/crt1.o
 .rel.text.fmt_u32_dec
                0x000000000804893c        0x0 /usr/lib/gcc/x86_64-linux-gnu/5/../../../../lib32/crt1.o
 .rel.text.fmt_u16_dec
                0x000000000804893c        0x0 /usr/lib/gcc/x86_64-linux-gnu/5/../../../../lib32/crt1.o
 .rel.text.fmt_s32_dec
                0x000000000804893c        0x0 /usr/lib/gcc/x86_64-linux-gnu/5/../../../../lib32/crt1.o
 .rel.text.fmt_s16_dec
                0x000000000804893c        0x0 /usr/lib/gcc/x86_64-linux-gnu/5/../../../../lib32/crt1.o
 .rel.text.fmt_s16_dfp
                0x000000000804893c        0x0 /usr/lib/gcc/x86_64-linux-gnu/5/../../../../lib32/crt1.o
 .rel.text.fmt_s32_dfp
                0x000000000804893c        0x0 /usr/lib/gcc/x86_64-linux-gnu/5/../../../../lib32/crt1.o
 .rel.text.fmt_float
                0x000000000804893c        0x0 /usr/lib/gcc/x86_64-linux-gnu/5/../../../../lib32/crt1.o
 .rel.text.fmt_lpad
                0x000000000804893c        0x0 /usr/lib/gcc/x86_64-linux-gnu/5/../../../../lib32/crt1.o
 .rel.text.scn_u32_dec
                0x000000000804893c        0x0 /usr/lib/gcc/x86_64-linux-gnu/5/../../../../lib32/crt1.o
 .rel.text.print
                0x000000000804893c        0x0 /usr/lib/gcc/x86_64-linux-gnu/5/../../../../lib32/crt1.o
 .rel.text.print_u32_dec
                0x000000000804893c        0x0 /usr/lib/gcc/x86_64-linux-gnu/5/../../../../lib32/crt1.o
 .rel.text.print_s32_dec
                0x000000000804893c        0x0 /usr/lib/gcc/x86_64-linux-gnu/5/../../../../lib32/crt1.o
 .rel.text.print_byte_hex
                0x000000000804893c        0x0 /usr/lib/gcc/x86_64-linux-gnu/5/../../../../lib32/crt1.o
 .rel.text.print_u32_hex
                0x000000000804893c        0x0 /usr/lib/gcc/x86_64-linux-gnu/5/../../../../lib32/crt1.o
 .rel.text.print_u64_hex
                0x000000000804893c        0x0 /usr/lib/gcc/x86_64-linux-gnu/5/../../../../lib32/crt1.o
 .rel.text.print_u64_dec
                0x000000000804893c        0x0 /usr/lib/gcc/x86_64-linux-gnu/5/../../../../lib32/crt1.o
 .rel.text.print_float
                0x000000000804893c        0x0 /usr/lib/gcc/x86_64-linux-gnu/5/../../../../lib32/crt1.o
 .rel.text.print_str
                0x000000000804893c        0x0 /usr/lib/gcc/x86_64-linux-gnu/5/../../../../lib32/crt1.o
 .rel.text.byteorder_swaps
                0x000000000804893c        0x0 /usr/lib/gcc/x86_64-linux-gnu/5/../../../../lib32/crt1.o
 .rel.text.byteorder_htons
                0x000000000804893c        0x0 /usr/lib/gcc/x86_64-linux-gnu/5/../../../../lib32/crt1.o
 .rel.text.byteorder_ntohs
                0x000000000804893c        0x0 /usr/lib/gcc/x86_64-linux-gnu/5/../../../../lib32/crt1.o
 .rel.text.gnrc_nettype_from_ethertype
                0x000000000804893c        0x0 /usr/lib/gcc/x86_64-linux-gnu/5/../../../../lib32/crt1.o
 .rel.text.gnrc_nettype_to_ethertype
                0x000000000804893c        0x0 /usr/lib/gcc/x86_64-linux-gnu/5/../../../../lib32/crt1.o
 .rel.text.gnrc_netif_ethernet_create
                0x000000000804893c        0x0 /usr/lib/gcc/x86_64-linux-gnu/5/../../../../lib32/crt1.o
 .rel.text._addr_set_broadcast
                0x000000000804893c        0x0 /usr/lib/gcc/x86_64-linux-gnu/5/../../../../lib32/crt1.o
 .rel.text._addr_set_multicast
                0x000000000804893c        0x0 /usr/lib/gcc/x86_64-linux-gnu/5/../../../../lib32/crt1.o
 .rel.text._send
                0x000000000804893c        0x0 /usr/lib/gcc/x86_64-linux-gnu/5/../../../../lib32/crt1.o
 .rel.text._recv
                0x000000000804893c        0x0 /usr/lib/gcc/x86_64-linux-gnu/5/../../../../lib32/crt1.o
 .rel.text.gnrc_pkt_count
                0x000000000804893c        0x0 /usr/lib/gcc/x86_64-linux-gnu/5/../../../../lib32/crt1.o
 .rel.text.gnrc_pktbuf_get_iovec
                0x000000000804893c        0x0 /usr/lib/gcc/x86_64-linux-gnu/5/../../../../lib32/crt1.o
 .rel.text.gnrc_pktbuf_remove_snip
                0x000000000804893c        0x0 /usr/lib/gcc/x86_64-linux-gnu/5/../../../../lib32/crt1.o
 .rel.text.gnrc_pktbuf_replace_snip
                0x000000000804893c        0x0 /usr/lib/gcc/x86_64-linux-gnu/5/../../../../lib32/crt1.o
 .rel.text._get_mac_addr
                0x000000000804893c        0x0 /usr/lib/gcc/x86_64-linux-gnu/5/../../../../lib32/crt1.o
 .rel.text._set_mac_addr
                0x000000000804893c        0x0 /usr/lib/gcc/x86_64-linux-gnu/5/../../../../lib32/crt1.o
 .rel.text._get_promiscous
                0x000000000804893c        0x0 /usr/lib/gcc/x86_64-linux-gnu/5/../../../../lib32/crt1.o
 .rel.text._set_promiscous
                0x000000000804893c        0x0 /usr/lib/gcc/x86_64-linux-gnu/5/../../../../lib32/crt1.o
 .rel.text._isr
                0x000000000804893c        0x0 /usr/lib/gcc/x86_64-linux-gnu/5/../../../../lib32/crt1.o
 .rel.text._get
                0x000000000804893c        0x0 /usr/lib/gcc/x86_64-linux-gnu/5/../../../../lib32/crt1.o
 .rel.text._set
                0x000000000804893c        0x0 /usr/lib/gcc/x86_64-linux-gnu/5/../../../../lib32/crt1.o
 .rel.text._is_addr_broadcast
                0x000000000804893c        0x0 /usr/lib/gcc/x86_64-linux-gnu/5/../../../../lib32/crt1.o
 .rel.text._is_addr_multicast
                0x000000000804893c        0x0 /usr/lib/gcc/x86_64-linux-gnu/5/../../../../lib32/crt1.o
 .rel.text._continue_reading
                0x000000000804893c        0x0 /usr/lib/gcc/x86_64-linux-gnu/5/../../../../lib32/crt1.o
 .rel.text.netdev_tap_setup
                0x000000000804893c        0x0 /usr/lib/gcc/x86_64-linux-gnu/5/../../../../lib32/crt1.o
 .rel.text._tap_isr
                0x000000000804893c        0x0 /usr/lib/gcc/x86_64-linux-gnu/5/../../../../lib32/crt1.o
 .rel.text._init
                0x000000000804893c        0x0 /usr/lib/gcc/x86_64-linux-gnu/5/../../../../lib32/crt1.o
 .rel.text.ts2ticks
                0x000000000804893c        0x0 /usr/lib/gcc/x86_64-linux-gnu/5/../../../../lib32/crt1.o
 .rel.text.native_isr_timer
                0x000000000804893c        0x0 /usr/lib/gcc/x86_64-linux-gnu/5/../../../../lib32/crt1.o
 .rel.text.timer_init
                0x000000000804893c        0x0 /usr/lib/gcc/x86_64-linux-gnu/5/../../../../lib32/crt1.o
 .rel.text.do_timer_set
                0x000000000804893c        0x0 /usr/lib/gcc/x86_64-linux-gnu/5/../../../../lib32/crt1.o
 .rel.text.timer_set
                0x000000000804893c        0x0 /usr/lib/gcc/x86_64-linux-gnu/5/../../../../lib32/crt1.o
 .rel.text.timer_set_absolute
                0x000000000804893c        0x0 /usr/lib/gcc/x86_64-linux-gnu/5/../../../../lib32/crt1.o
 .rel.text.timer_clear
                0x000000000804893c        0x0 /usr/lib/gcc/x86_64-linux-gnu/5/../../../../lib32/crt1.o
 .rel.text.timer_start
                0x000000000804893c        0x0 /usr/lib/gcc/x86_64-linux-gnu/5/../../../../lib32/crt1.o
 .rel.text.timer_stop
                0x000000000804893c        0x0 /usr/lib/gcc/x86_64-linux-gnu/5/../../../../lib32/crt1.o
 .rel.text.timer_read
                0x000000000804893c        0x0 /usr/lib/gcc/x86_64-linux-gnu/5/../../../../lib32/crt1.o
 .rel.text.ethernet_get_iid
                0x000000000804893c        0x0 /usr/lib/gcc/x86_64-linux-gnu/5/../../../../lib32/crt1.o
 .rel.text._get_iid
                0x000000000804893c        0x0 /usr/lib/gcc/x86_64-linux-gnu/5/../../../../lib32/crt1.o
 .rel.text.netdev_eth_get
                0x000000000804893c        0x0 /usr/lib/gcc/x86_64-linux-gnu/5/../../../../lib32/crt1.o
 .rel.text.netdev_eth_set
                0x000000000804893c        0x0 /usr/lib/gcc/x86_64-linux-gnu/5/../../../../lib32/crt1.o
 *(.rel.fini)
 *(.rel.rodata .rel.rodata.* .rel.gnu.linkonce.r.*)
 .rel.rodata._shell_command_list
                0x000000000804893c        0x0 /usr/lib/gcc/x86_64-linux-gnu/5/../../../../lib32/crt1.o
 *(.rel.data.rel.ro .rel.data.rel.ro.* .rel.gnu.linkonce.d.rel.ro.*)
 *(.rel.data .rel.data.* .rel.gnu.linkonce.d.*)
 *(.rel.tdata .rel.tdata.* .rel.gnu.linkonce.td.*)
 *(.rel.tbss .rel.tbss.* .rel.gnu.linkonce.tb.*)
 *(.rel.ctors)
 *(.rel.dtors)
 *(.rel.got)
 .rel.got       0x000000000804893c        0x8 /usr/lib/gcc/x86_64-linux-gnu/5/../../../../lib32/crt1.o
 *(.rel.bss .rel.bss.* .rel.gnu.linkonce.b.*)
 .rel.bss       0x0000000008048944       0x18 /usr/lib/gcc/x86_64-linux-gnu/5/../../../../lib32/crt1.o
 *(.rel.ifunc)

.rel.plt        0x000000000804895c      0x100
 *(.rel.plt)
 .rel.plt       0x000000000804895c      0x100 /usr/lib/gcc/x86_64-linux-gnu/5/../../../../lib32/crt1.o
                [!provide]                        PROVIDE (__rel_iplt_start, .)
 *(.rel.iplt)
 .rel.iplt      0x0000000008048a5c        0x0 /usr/lib/gcc/x86_64-linux-gnu/5/../../../../lib32/crt1.o
                [!provide]                        PROVIDE (__rel_iplt_end, .)

.init           0x0000000008048a5c       0x23
 *(SORT(.init))
 .init          0x0000000008048a5c       0x1e /usr/lib/gcc/x86_64-linux-gnu/5/../../../../lib32/crti.o
                0x0000000008048a5c                _init
 .init          0x0000000008048a7a        0x5 /usr/lib/gcc/x86_64-linux-gnu/5/../../../../lib32/crtn.o

.plt            0x0000000008048a80      0x210
 *(.plt)
 .plt           0x0000000008048a80      0x210 /usr/lib/gcc/x86_64-linux-gnu/5/../../../../lib32/crt1.o
                0x0000000008048a90                strcmp@@GLIBC_2.0
                0x0000000008048aa0                sigprocmask@@GLIBC_2.0
                0x0000000008048ab0                memcpy@@GLIBC_2.0
                0x0000000008048ac0                setcontext@@GLIBC_2.0
                0x0000000008048ad0                getchar@@GLIBC_2.0
                0x0000000008048ae0                memcmp@@GLIBC_2.0
                0x0000000008048af0                __stack_chk_fail@@GLIBC_2.4
                0x0000000008048b00                strerror@@GLIBC_2.0
                0x0000000008048b10                getopt_long@@GLIBC_2.0
                0x0000000008048b20                strtoul@@GLIBC_2.0
                0x0000000008048b30                strlen@@GLIBC_2.0
                0x0000000008048b40                __libc_start_main@@GLIBC_2.0
                0x0000000008048b50                write@@GLIBC_2.0
                0x0000000008048b60                sigdelset@@GLIBC_2.0
                0x0000000008048b70                atol@@GLIBC_2.0
                0x0000000008048b80                getcontext@@GLIBC_2.1
                0x0000000008048b90                sigaddset@@GLIBC_2.0
                0x0000000008048ba0                dlsym@@GLIBC_2.0
                0x0000000008048bb0                sigfillset@@GLIBC_2.0
                0x0000000008048bc0                memset@@GLIBC_2.0
                0x0000000008048bd0                snprintf@@GLIBC_2.0
                0x0000000008048be0                swapcontext@@GLIBC_2.1
                0x0000000008048bf0                __errno_location@@GLIBC_2.0
                0x0000000008048c00                strncpy@@GLIBC_2.0
                0x0000000008048c10                fileno@@GLIBC_2.0
                0x0000000008048c20                makecontext@@GLIBC_2.1
                0x0000000008048c30                strndup@@GLIBC_2.0
                0x0000000008048c40                sigemptyset@@GLIBC_2.0
                0x0000000008048c50                vsnprintf@@GLIBC_2.0
                0x0000000008048c60                atoi@@GLIBC_2.0
                0x0000000008048c70                sigaction@@GLIBC_2.0
                0x0000000008048c80                sigaltstack@@GLIBC_2.0
 *(.iplt)
 .iplt          0x0000000008048c90        0x0 /usr/lib/gcc/x86_64-linux-gnu/5/../../../../lib32/crt1.o

.plt.got        0x0000000008048c90        0x8
 *(.plt.got)
 .plt.got       0x0000000008048c90        0x8 /usr/lib/gcc/x86_64-linux-gnu/5/../../../../lib32/crt1.o

.text           0x0000000008048ca0     0xb532
 *(.text.unlikely .text.*_unlikely .text.unlikely.*)
 *(.text.exit .text.exit.*)
 *(.text.startup .text.startup.*)
 .text.startup  0x0000000008048ca0      0x34b /home/vagrant/Tutorials/experiments/MAC/server/bin/native/cpu/startup.o
 *(.text.hot .text.hot.*)
 *(.text .stub .text.* .gnu.linkonce.t.*)
 .text          0x0000000008048feb       0x22 /usr/lib/gcc/x86_64-linux-gnu/5/../../../../lib32/crt1.o
                0x0000000008048feb                _start
 *fill*         0x000000000804900d        0x3 
 .gnu.linkonce.t.__x86.get_pc_thunk.bx
                0x0000000008049010        0x4 /usr/lib/gcc/x86_64-linux-gnu/5/../../../../lib32/crti.o
                0x0000000008049010                __x86.get_pc_thunk.bx
 *fill*         0x0000000008049014        0xc 
 .text          0x0000000008049020       0xbb /usr/lib/gcc/x86_64-linux-gnu/5/32/crtbegin.o
 .text._native_input
                0x00000000080490db       0x81 /home/vagrant/Tutorials/experiments/MAC/server/bin/native/cpu/startup.o
                0x00000000080490db                _native_input
 .text._native_log_output
                0x000000000804915c      0x135 /home/vagrant/Tutorials/experiments/MAC/server/bin/native/cpu/startup.o
                0x000000000804915c                _native_log_output
 .text.daemonize
                0x0000000008049291       0xd4 /home/vagrant/Tutorials/experiments/MAC/server/bin/native/cpu/startup.o
                0x0000000008049291                daemonize
 .text.filter_daemonize_argv
                0x0000000008049365       0xa0 /home/vagrant/Tutorials/experiments/MAC/server/bin/native/cpu/startup.o
 .text.usage_exit
                0x0000000008049405       0xa6 /home/vagrant/Tutorials/experiments/MAC/server/bin/native/cpu/startup.o
                0x0000000008049405                usage_exit
 .text.gnrc_pktbuf_release
                0x00000000080494ab       0x3b /home/vagrant/Tutorials/experiments/MAC/server/bin/native/server_udp.a(main.o)
 .text._is_iface
                0x00000000080494e6       0x40 /home/vagrant/Tutorials/experiments/MAC/server/bin/native/server_udp.a(main.o)
 .text.send     0x0000000008049526      0x1e2 /home/vagrant/Tutorials/experiments/MAC/server/bin/native/server_udp.a(main.o)
 .text.main     0x0000000008049708       0x6a /home/vagrant/Tutorials/experiments/MAC/server/bin/native/server_udp.a(main.o)
                0x0000000008049708                main
 .text.rcv_pkt  0x0000000008049772       0xf8 /home/vagrant/Tutorials/experiments/MAC/server/bin/native/server_udp.a(main.o)
                0x0000000008049772                rcv_pkt
 .text.board_init
                0x000000000804986a       0x3f /home/vagrant/Tutorials/experiments/MAC/server/bin/native/board.a(board_init.o)
                0x000000000804986a                board_init
 .text.clist_rpush
                0x00000000080498a9       0x62 /home/vagrant/Tutorials/experiments/MAC/server/bin/native/core.a(sched.o)
 .text.clist_lpop
                0x000000000804990b       0x68 /home/vagrant/Tutorials/experiments/MAC/server/bin/native/core.a(sched.o)
 .text.sched_run
                0x0000000008049973       0xaa /home/vagrant/Tutorials/experiments/MAC/server/bin/native/core.a(sched.o)
                0x0000000008049973                sched_run
 .text.sched_set_status
                0x0000000008049a1d       0xfe /home/vagrant/Tutorials/experiments/MAC/server/bin/native/core.a(sched.o)
                0x0000000008049a1d                sched_set_status
 .text.sched_switch
                0x0000000008049b1b       0x7e /home/vagrant/Tutorials/experiments/MAC/server/bin/native/core.a(sched.o)
                0x0000000008049b1b                sched_switch
 .text.sched_task_exit
                0x0000000008049b99       0x58 /home/vagrant/Tutorials/experiments/MAC/server/bin/native/core.a(sched.o)
                0x0000000008049b99                sched_task_exit
 .text.main_trampoline
                0x0000000008049bf1       0x49 /home/vagrant/Tutorials/experiments/MAC/server/bin/native/core.a(kernel_init.o)
 .text.idle_thread
                0x0000000008049c3a       0x1e /home/vagrant/Tutorials/experiments/MAC/server/bin/native/core.a(kernel_init.o)
 .text.kernel_init
                0x0000000008049c58       0x67 /home/vagrant/Tutorials/experiments/MAC/server/bin/native/core.a(kernel_init.o)
                0x0000000008049c58                kernel_init
 .text.cib_init
                0x0000000008049cbf       0x78 /home/vagrant/Tutorials/experiments/MAC/server/bin/native/core.a(thread.o)
 .text.thread_add_to_list
                0x0000000008049d37       0xab /home/vagrant/Tutorials/experiments/MAC/server/bin/native/core.a(thread.o)
                0x0000000008049d37                thread_add_to_list
 .text.thread_measure_stack_free
                0x0000000008049de2       0x52 /home/vagrant/Tutorials/experiments/MAC/server/bin/native/core.a(thread.o)
                0x0000000008049de2                thread_measure_stack_free
 .text.thread_create
                0x0000000008049e34      0x263 /home/vagrant/Tutorials/experiments/MAC/server/bin/native/core.a(thread.o)
                0x0000000008049e34                thread_create
 .text._assert_failure
                0x000000000804a097       0x42 /home/vagrant/Tutorials/experiments/MAC/server/bin/native/core.a(assert.o)
                0x000000000804a097                _assert_failure
 .text.pid_is_valid
                0x000000000804a0d9       0x45 /home/vagrant/Tutorials/experiments/MAC/server/bin/native/core.a(msg.o)
 .text.list_remove_head
                0x000000000804a11e       0x45 /home/vagrant/Tutorials/experiments/MAC/server/bin/native/core.a(msg.o)
 .text.cib_init
                0x000000000804a163       0x78 /home/vagrant/Tutorials/experiments/MAC/server/bin/native/core.a(msg.o)
 .text.cib_avail
                0x000000000804a1db       0x39 /home/vagrant/Tutorials/experiments/MAC/server/bin/native/core.a(msg.o)
 .text.cib_get  0x000000000804a214       0x58 /home/vagrant/Tutorials/experiments/MAC/server/bin/native/core.a(msg.o)
 .text.cib_put  0x000000000804a26c       0x68 /home/vagrant/Tutorials/experiments/MAC/server/bin/native/core.a(msg.o)
 .text.queue_msg
                0x000000000804a2d4       0x78 /home/vagrant/Tutorials/experiments/MAC/server/bin/native/core.a(msg.o)
 .text.msg_send
                0x000000000804a34c       0x86 /home/vagrant/Tutorials/experiments/MAC/server/bin/native/core.a(msg.o)
                0x000000000804a34c                msg_send
 .text.msg_try_send
                0x000000000804a3d2       0x86 /home/vagrant/Tutorials/experiments/MAC/server/bin/native/core.a(msg.o)
                0x000000000804a3d2                msg_try_send
 .text._msg_send
                0x000000000804a458      0x19e /home/vagrant/Tutorials/experiments/MAC/server/bin/native/core.a(msg.o)
 .text.msg_send_to_self
                0x000000000804a5f6       0x67 /home/vagrant/Tutorials/experiments/MAC/server/bin/native/core.a(msg.o)
                0x000000000804a5f6                msg_send_to_self
 .text.msg_send_int
                0x000000000804a65d       0xba /home/vagrant/Tutorials/experiments/MAC/server/bin/native/core.a(msg.o)
                0x000000000804a65d                msg_send_int
 .text.msg_send_receive
                0x000000000804a717       0xae /home/vagrant/Tutorials/experiments/MAC/server/bin/native/core.a(msg.o)
                0x000000000804a717                msg_send_receive
 .text.msg_reply
                0x000000000804a7c5       0xdb /home/vagrant/Tutorials/experiments/MAC/server/bin/native/core.a(msg.o)
                0x000000000804a7c5                msg_reply
 .text.msg_receive
                0x000000000804a8a0       0x3a /home/vagrant/Tutorials/experiments/MAC/server/bin/native/core.a(msg.o)
                0x000000000804a8a0                msg_receive
 .text._msg_receive
                0x000000000804a8da      0x1dd /home/vagrant/Tutorials/experiments/MAC/server/bin/native/core.a(msg.o)
 .text.msg_init_queue
                0x000000000804aab7       0x58 /home/vagrant/Tutorials/experiments/MAC/server/bin/native/core.a(msg.o)
                0x000000000804aab7                msg_init_queue
 .text.panic_arch
                0x000000000804ab0f       0x25 /home/vagrant/Tutorials/experiments/MAC/server/bin/native/core.a(panic.o)
                0x000000000804ab0f                panic_arch
 .text.core_panic
                0x000000000804ab34       0x8e /home/vagrant/Tutorials/experiments/MAC/server/bin/native/core.a(panic.o)
                0x000000000804ab34                core_panic
 .text.bitarithm_lsb
                0x000000000804abc2       0x44 /home/vagrant/Tutorials/experiments/MAC/server/bin/native/core.a(bitarithm.o)
                0x000000000804abc2                bitarithm_lsb
 .text._native_syscall_enter
                0x000000000804ac06       0x32 /home/vagrant/Tutorials/experiments/MAC/server/bin/native/cpu.a(syscalls.o)
                0x000000000804ac06                _native_syscall_enter
 .text._native_syscall_leave
                0x000000000804ac38       0xef /home/vagrant/Tutorials/experiments/MAC/server/bin/native/cpu.a(syscalls.o)
                0x000000000804ac38                _native_syscall_leave
 .text.malloc   0x000000000804ad27       0x94 /home/vagrant/Tutorials/experiments/MAC/server/bin/native/cpu.a(syscalls.o)
                0x000000000804ad27                malloc
 .text.free     0x000000000804adbb       0x45 /home/vagrant/Tutorials/experiments/MAC/server/bin/native/cpu.a(syscalls.o)
                0x000000000804adbb                free
 .text.calloc   0x000000000804ae00       0x9d /home/vagrant/Tutorials/experiments/MAC/server/bin/native/cpu.a(syscalls.o)
                0x000000000804ae00                calloc
 .text.realloc  0x000000000804ae9d       0x53 /home/vagrant/Tutorials/experiments/MAC/server/bin/native/cpu.a(syscalls.o)
                0x000000000804ae9d                realloc
 .text._native_write
                0x000000000804aef0       0x5c /home/vagrant/Tutorials/experiments/MAC/server/bin/native/cpu.a(syscalls.o)
                0x000000000804aef0                _native_write
 .text._native_writev
                0x000000000804af4c       0x5c /home/vagrant/Tutorials/experiments/MAC/server/bin/native/cpu.a(syscalls.o)
                0x000000000804af4c                _native_writev
 .text.putchar  0x000000000804afa8       0x42 /home/vagrant/Tutorials/experiments/MAC/server/bin/native/cpu.a(syscalls.o)
                0x000000000804afa8                putchar
 .text.puts     0x000000000804afea       0x5c /home/vagrant/Tutorials/experiments/MAC/server/bin/native/cpu.a(syscalls.o)
                0x000000000804afea                puts
 .text.make_message
                0x000000000804b046       0xc9 /home/vagrant/Tutorials/experiments/MAC/server/bin/native/cpu.a(syscalls.o)
                0x000000000804b046                make_message
 .text.printf   0x000000000804b10f       0x4e /home/vagrant/Tutorials/experiments/MAC/server/bin/native/cpu.a(syscalls.o)
                0x000000000804b10f                printf
 .text.vprintf  0x000000000804b15d       0x47 /home/vagrant/Tutorials/experiments/MAC/server/bin/native/cpu.a(syscalls.o)
                0x000000000804b15d                vprintf
 .text.fprintf  0x000000000804b1a4       0x51 /home/vagrant/Tutorials/experiments/MAC/server/bin/native/cpu.a(syscalls.o)
                0x000000000804b1a4                fprintf
 .text.vfprintf
                0x000000000804b1f5       0xa5 /home/vagrant/Tutorials/experiments/MAC/server/bin/native/cpu.a(syscalls.o)
                0x000000000804b1f5                vfprintf
 .text.vwarn    0x000000000804b29a      0x130 /home/vagrant/Tutorials/experiments/MAC/server/bin/native/cpu.a(syscalls.o)
                0x000000000804b29a                vwarn
 .text.vwarnx   0x000000000804b3ca       0xe7 /home/vagrant/Tutorials/experiments/MAC/server/bin/native/cpu.a(syscalls.o)
                0x000000000804b3ca                vwarnx
 .text.verr     0x000000000804b4b1       0x41 /home/vagrant/Tutorials/experiments/MAC/server/bin/native/cpu.a(syscalls.o)
                0x000000000804b4b1                verr
 .text.verrx    0x000000000804b4f2       0x41 /home/vagrant/Tutorials/experiments/MAC/server/bin/native/cpu.a(syscalls.o)
                0x000000000804b4f2                verrx
 .text.warn     0x000000000804b533       0x43 /home/vagrant/Tutorials/experiments/MAC/server/bin/native/cpu.a(syscalls.o)
                0x000000000804b533                warn
 .text.warnx    0x000000000804b576       0x43 /home/vagrant/Tutorials/experiments/MAC/server/bin/native/cpu.a(syscalls.o)
                0x000000000804b576                warnx
 .text.err      0x000000000804b5b9       0x35 /home/vagrant/Tutorials/experiments/MAC/server/bin/native/cpu.a(syscalls.o)
                0x000000000804b5b9                err
 .text.errx     0x000000000804b5ee       0x35 /home/vagrant/Tutorials/experiments/MAC/server/bin/native/cpu.a(syscalls.o)
                0x000000000804b5ee                errx
 .text.getpid   0x000000000804b623       0x39 /home/vagrant/Tutorials/experiments/MAC/server/bin/native/cpu.a(syscalls.o)
                0x000000000804b623                getpid
 .text._native_init_syscalls
                0x000000000804b65c      0x4d9 /home/vagrant/Tutorials/experiments/MAC/server/bin/native/cpu.a(syscalls.o)
                0x000000000804b65c                _native_init_syscalls
 .text.thread_isr_stack_pointer
                0x000000000804bb35       0x29 /home/vagrant/Tutorials/experiments/MAC/server/bin/native/cpu.a(irq_cpu.o)
                0x000000000804bb35                thread_isr_stack_pointer
 .text.thread_isr_stack_start
                0x000000000804bb5e       0x29 /home/vagrant/Tutorials/experiments/MAC/server/bin/native/cpu.a(irq_cpu.o)
                0x000000000804bb5e                thread_isr_stack_start
 .text.irq_disable
                0x000000000804bb87       0x70 /home/vagrant/Tutorials/experiments/MAC/server/bin/native/cpu.a(irq_cpu.o)
                0x000000000804bb87                irq_disable
 .text.irq_enable
                0x000000000804bbf7       0x8b /home/vagrant/Tutorials/experiments/MAC/server/bin/native/cpu.a(irq_cpu.o)
                0x000000000804bbf7                irq_enable
 .text.irq_restore
                0x000000000804bc82       0x3d /home/vagrant/Tutorials/experiments/MAC/server/bin/native/cpu.a(irq_cpu.o)
                0x000000000804bc82                irq_restore
 .text.irq_is_in
                0x000000000804bcbf       0x29 /home/vagrant/Tutorials/experiments/MAC/server/bin/native/cpu.a(irq_cpu.o)
                0x000000000804bcbf                irq_is_in
 .text._native_popsig
                0x000000000804bce8       0x8c /home/vagrant/Tutorials/experiments/MAC/server/bin/native/cpu.a(irq_cpu.o)
                0x000000000804bce8                _native_popsig
 .text.native_irq_handler
                0x000000000804bd74       0x7c /home/vagrant/Tutorials/experiments/MAC/server/bin/native/cpu.a(irq_cpu.o)
                0x000000000804bd74                native_irq_handler
 .text.isr_set_sigmask
                0x000000000804bdf0       0x56 /home/vagrant/Tutorials/experiments/MAC/server/bin/native/cpu.a(irq_cpu.o)
                0x000000000804bdf0                isr_set_sigmask
 .text.native_isr_entry
                0x000000000804be46      0x155 /home/vagrant/Tutorials/experiments/MAC/server/bin/native/cpu.a(irq_cpu.o)
                0x000000000804be46                native_isr_entry
 .text.set_signal_handler
                0x000000000804bf9b      0x149 /home/vagrant/Tutorials/experiments/MAC/server/bin/native/cpu.a(irq_cpu.o)
                0x000000000804bf9b                set_signal_handler
 .text.register_interrupt
                0x000000000804c0e4       0x68 /home/vagrant/Tutorials/experiments/MAC/server/bin/native/cpu.a(irq_cpu.o)
                0x000000000804c0e4                register_interrupt
 .text.unregister_interrupt
                0x000000000804c14c       0x63 /home/vagrant/Tutorials/experiments/MAC/server/bin/native/cpu.a(irq_cpu.o)
                0x000000000804c14c                unregister_interrupt
 .text.native_shutdown
                0x000000000804c1af       0x3c /home/vagrant/Tutorials/experiments/MAC/server/bin/native/cpu.a(irq_cpu.o)
 .text.native_interrupt_init
                0x000000000804c1eb      0x2be /home/vagrant/Tutorials/experiments/MAC/server/bin/native/cpu.a(irq_cpu.o)
                0x000000000804c1eb                native_interrupt_init
 .text._native_mod_ctx_leave_sigh
                0x000000000804c4a9       0x41 /home/vagrant/Tutorials/experiments/MAC/server/bin/native/cpu.a(native_cpu.o)
 .text.thread_isr_stack_usage
                0x000000000804c4ea       0x29 /home/vagrant/Tutorials/experiments/MAC/server/bin/native/cpu.a(native_cpu.o)
                0x000000000804c4ea                thread_isr_stack_usage
 .text.thread_stack_init
                0x000000000804c513       0xe2 /home/vagrant/Tutorials/experiments/MAC/server/bin/native/cpu.a(native_cpu.o)
                0x000000000804c513                thread_stack_init
 .text.isr_cpu_switch_context_exit
                0x000000000804c5f5       0x7c /home/vagrant/Tutorials/experiments/MAC/server/bin/native/cpu.a(native_cpu.o)
                0x000000000804c5f5                isr_cpu_switch_context_exit
 .text.cpu_switch_context_exit
                0x000000000804c671       0xa5 /home/vagrant/Tutorials/experiments/MAC/server/bin/native/cpu.a(native_cpu.o)
                0x000000000804c671                cpu_switch_context_exit
 .text.isr_thread_yield
                0x000000000804c716       0x7c /home/vagrant/Tutorials/experiments/MAC/server/bin/native/cpu.a(native_cpu.o)
                0x000000000804c716                isr_thread_yield
 .text.thread_yield_higher
                0x000000000804c792       0xd1 /home/vagrant/Tutorials/experiments/MAC/server/bin/native/cpu.a(native_cpu.o)
                0x000000000804c792                thread_yield_higher
 .text.native_cpu_init
                0x000000000804c863       0x7e /home/vagrant/Tutorials/experiments/MAC/server/bin/native/cpu.a(native_cpu.o)
                0x000000000804c863                native_cpu_init
 .text          0x000000000804c8e1       0x3f /home/vagrant/Tutorials/experiments/MAC/server/bin/native/cpu.a(tramp.o)
                0x000000000804c8e1                _native_sig_leave_tramp
                0x000000000804c90f                _native_sig_leave_handler
 .text.gnrc_pktbuf_release
                0x000000000804c920       0x3b /home/vagrant/Tutorials/experiments/MAC/server/bin/native/gnrc_netapi.a(gnrc_netapi.o)
 .text._get_set
                0x000000000804c95b       0xa8 /home/vagrant/Tutorials/experiments/MAC/server/bin/native/gnrc_netapi.a(gnrc_netapi.o)
 .text._snd_rcv
                0x000000000804ca03       0x60 /home/vagrant/Tutorials/experiments/MAC/server/bin/native/gnrc_netapi.a(gnrc_netapi.o)
 .text.gnrc_netapi_dispatch
                0x000000000804ca63       0xca /home/vagrant/Tutorials/experiments/MAC/server/bin/native/gnrc_netapi.a(gnrc_netapi.o)
                0x000000000804ca63                gnrc_netapi_dispatch
 .text.gnrc_netapi_send
                0x000000000804cb2d       0x49 /home/vagrant/Tutorials/experiments/MAC/server/bin/native/gnrc_netapi.a(gnrc_netapi.o)
                0x000000000804cb2d                gnrc_netapi_send
 .text.gnrc_netapi_get
                0x000000000804cb76       0x67 /home/vagrant/Tutorials/experiments/MAC/server/bin/native/gnrc_netapi.a(gnrc_netapi.o)
                0x000000000804cb76                gnrc_netapi_get
 .text.gnrc_netapi_set
                0x000000000804cbdd       0x67 /home/vagrant/Tutorials/experiments/MAC/server/bin/native/gnrc_netapi.a(gnrc_netapi.o)
                0x000000000804cbdd                gnrc_netapi_set
 .text.gnrc_netapi_dispatch_receive
                0x000000000804cc44       0x4c /home/vagrant/Tutorials/experiments/MAC/server/bin/native/gnrc_netif.a(gnrc_netif.o)
 .text.rmutex_init
                0x000000000804cc90       0x4c /home/vagrant/Tutorials/experiments/MAC/server/bin/native/gnrc_netif.a(gnrc_netif.o)
 .text.gnrc_pktbuf_release
                0x000000000804ccdc       0x3b /home/vagrant/Tutorials/experiments/MAC/server/bin/native/gnrc_netif.a(gnrc_netif.o)
 .text.gnrc_netif_create
                0x000000000804cd17      0x139 /home/vagrant/Tutorials/experiments/MAC/server/bin/native/gnrc_netif.a(gnrc_netif.o)
                0x000000000804cd17                gnrc_netif_create
 .text.gnrc_netif_iter
                0x000000000804ce50       0x81 /home/vagrant/Tutorials/experiments/MAC/server/bin/native/gnrc_netif.a(gnrc_netif.o)
                0x000000000804ce50                gnrc_netif_iter
 .text.gnrc_netif_get_from_netdev
                0x000000000804ced1       0xdc /home/vagrant/Tutorials/experiments/MAC/server/bin/native/gnrc_netif.a(gnrc_netif.o)
                0x000000000804ced1                gnrc_netif_get_from_netdev
 .text.gnrc_netif_set_from_netdev
                0x000000000804cfad       0xfb /home/vagrant/Tutorials/experiments/MAC/server/bin/native/gnrc_netif.a(gnrc_netif.o)
                0x000000000804cfad                gnrc_netif_set_from_netdev
 .text.gnrc_netif_get_by_pid
                0x000000000804d0a8       0x62 /home/vagrant/Tutorials/experiments/MAC/server/bin/native/gnrc_netif.a(gnrc_netif.o)
                0x000000000804d0a8                gnrc_netif_get_by_pid
 .text._half_byte_to_char
                0x000000000804d10a       0x40 /home/vagrant/Tutorials/experiments/MAC/server/bin/native/gnrc_netif.a(gnrc_netif.o)
 .text.gnrc_netif_addr_to_str
                0x000000000804d14a       0xf0 /home/vagrant/Tutorials/experiments/MAC/server/bin/native/gnrc_netif.a(gnrc_netif.o)
                0x000000000804d14a                gnrc_netif_addr_to_str
 .text._dehex   0x000000000804d23a       0x72 /home/vagrant/Tutorials/experiments/MAC/server/bin/native/gnrc_netif.a(gnrc_netif.o)
 .text.gnrc_netif_addr_from_str
                0x000000000804d2ac      0x16e /home/vagrant/Tutorials/experiments/MAC/server/bin/native/gnrc_netif.a(gnrc_netif.o)
                0x000000000804d2ac                gnrc_netif_addr_from_str
 .text.gnrc_netif_acquire
                0x000000000804d41a       0x4c /home/vagrant/Tutorials/experiments/MAC/server/bin/native/gnrc_netif.a(gnrc_netif.o)
                0x000000000804d41a                gnrc_netif_acquire
 .text.gnrc_netif_release
                0x000000000804d466       0x4c /home/vagrant/Tutorials/experiments/MAC/server/bin/native/gnrc_netif.a(gnrc_netif.o)
                0x000000000804d466                gnrc_netif_release
 .text._update_l2addr_from_dev
                0x000000000804d4b2       0x83 /home/vagrant/Tutorials/experiments/MAC/server/bin/native/gnrc_netif.a(gnrc_netif.o)
 .text._init_from_device
                0x000000000804d535       0x93 /home/vagrant/Tutorials/experiments/MAC/server/bin/native/gnrc_netif.a(gnrc_netif.o)
 .text._gnrc_netif_thread
                0x000000000804d5c8      0x1e6 /home/vagrant/Tutorials/experiments/MAC/server/bin/native/gnrc_netif.a(gnrc_netif.o)
 .text._pass_on_packet
                0x000000000804d7ae       0x57 /home/vagrant/Tutorials/experiments/MAC/server/bin/native/gnrc_netif.a(gnrc_netif.o)
 .text._event_cb
                0x000000000804d805       0xbd /home/vagrant/Tutorials/experiments/MAC/server/bin/native/gnrc_netif.a(gnrc_netif.o)
 .text.gnrc_netif_hdr_init
                0x000000000804d8c2       0x6a /home/vagrant/Tutorials/experiments/MAC/server/bin/native/gnrc_netif_hdr.a(gnrc_netif_hdr.o)
 .text.gnrc_netif_hdr_set_src_addr
                0x000000000804d92c       0x5e /home/vagrant/Tutorials/experiments/MAC/server/bin/native/gnrc_netif_hdr.a(gnrc_netif_hdr.o)
 .text.gnrc_netif_hdr_set_dst_addr
                0x000000000804d98a       0x6a /home/vagrant/Tutorials/experiments/MAC/server/bin/native/gnrc_netif_hdr.a(gnrc_netif_hdr.o)
 .text.gnrc_netif_hdr_build
                0x000000000804d9f4       0xd3 /home/vagrant/Tutorials/experiments/MAC/server/bin/native/gnrc_netif_hdr.a(gnrc_netif_hdr.o)
                0x000000000804d9f4                gnrc_netif_hdr_build
 .text.gnrc_netreg_register
                0x000000000804dac7       0x89 /home/vagrant/Tutorials/experiments/MAC/server/bin/native/gnrc_netreg.a(gnrc_netreg.o)
                0x000000000804dac7                gnrc_netreg_register
 .text.gnrc_netreg_lookup
                0x000000000804db50       0x71 /home/vagrant/Tutorials/experiments/MAC/server/bin/native/gnrc_netreg.a(gnrc_netreg.o)
                0x000000000804db50                gnrc_netreg_lookup
 .text.gnrc_netreg_num
                0x000000000804dbc1       0x79 /home/vagrant/Tutorials/experiments/MAC/server/bin/native/gnrc_netreg.a(gnrc_netreg.o)
                0x000000000804dbc1                gnrc_netreg_num
 .text.gnrc_netreg_getnext
                0x000000000804dc3a       0x69 /home/vagrant/Tutorials/experiments/MAC/server/bin/native/gnrc_netreg.a(gnrc_netreg.o)
                0x000000000804dc3a                gnrc_netreg_getnext
 .text.mutex_lock
                0x000000000804dca3       0x3b /home/vagrant/Tutorials/experiments/MAC/server/bin/native/gnrc_pktbuf_static.a(gnrc_pktbuf_static.o)
 .text._pktbuf_contains
                0x000000000804dcde       0x3c /home/vagrant/Tutorials/experiments/MAC/server/bin/native/gnrc_pktbuf_static.a(gnrc_pktbuf_static.o)
 .text._align   0x000000000804dd1a       0x33 /home/vagrant/Tutorials/experiments/MAC/server/bin/native/gnrc_pktbuf_static.a(gnrc_pktbuf_static.o)
 .text._set_pktsnip
                0x000000000804dd4d       0x70 /home/vagrant/Tutorials/experiments/MAC/server/bin/native/gnrc_pktbuf_static.a(gnrc_pktbuf_static.o)
 .text.gnrc_pktbuf_init
                0x000000000804ddbd       0x66 /home/vagrant/Tutorials/experiments/MAC/server/bin/native/gnrc_pktbuf_static.a(gnrc_pktbuf_static.o)
                0x000000000804ddbd                gnrc_pktbuf_init
 .text.gnrc_pktbuf_add
                0x000000000804de23       0x86 /home/vagrant/Tutorials/experiments/MAC/server/bin/native/gnrc_pktbuf_static.a(gnrc_pktbuf_static.o)
                0x000000000804de23                gnrc_pktbuf_add
 .text.gnrc_pktbuf_mark
                0x000000000804dea9      0x27a /home/vagrant/Tutorials/experiments/MAC/server/bin/native/gnrc_pktbuf_static.a(gnrc_pktbuf_static.o)
                0x000000000804dea9                gnrc_pktbuf_mark
 .text.gnrc_pktbuf_realloc_data
                0x000000000804e123      0x224 /home/vagrant/Tutorials/experiments/MAC/server/bin/native/gnrc_pktbuf_static.a(gnrc_pktbuf_static.o)
                0x000000000804e123                gnrc_pktbuf_realloc_data
 .text.gnrc_pktbuf_hold
                0x000000000804e347       0x71 /home/vagrant/Tutorials/experiments/MAC/server/bin/native/gnrc_pktbuf_static.a(gnrc_pktbuf_static.o)
                0x000000000804e347                gnrc_pktbuf_hold
 .text._release_error_locked
                0x000000000804e3b8       0xdc /home/vagrant/Tutorials/experiments/MAC/server/bin/native/gnrc_pktbuf_static.a(gnrc_pktbuf_static.o)
 .text.gnrc_pktbuf_release_error
                0x000000000804e494       0x62 /home/vagrant/Tutorials/experiments/MAC/server/bin/native/gnrc_pktbuf_static.a(gnrc_pktbuf_static.o)
                0x000000000804e494                gnrc_pktbuf_release_error
 .text._create_snip
                0x000000000804e4f6       0xcb /home/vagrant/Tutorials/experiments/MAC/server/bin/native/gnrc_pktbuf_static.a(gnrc_pktbuf_static.o)
 .text._pktbuf_alloc
                0x000000000804e5c1      0x151 /home/vagrant/Tutorials/experiments/MAC/server/bin/native/gnrc_pktbuf_static.a(gnrc_pktbuf_static.o)
 .text._too_small_hole
                0x000000000804e712       0x48 /home/vagrant/Tutorials/experiments/MAC/server/bin/native/gnrc_pktbuf_static.a(gnrc_pktbuf_static.o)
 .text._merge   0x000000000804e75a       0x6d /home/vagrant/Tutorials/experiments/MAC/server/bin/native/gnrc_pktbuf_static.a(gnrc_pktbuf_static.o)
 .text._pktbuf_free
                0x000000000804e7c7      0x16b /home/vagrant/Tutorials/experiments/MAC/server/bin/native/gnrc_pktbuf_static.a(gnrc_pktbuf_static.o)
 .text._native_LED_GREEN_ON
                0x000000000804e932       0x35 /home/vagrant/Tutorials/experiments/MAC/server/bin/native/native-drivers.a(native-led.o)
                0x000000000804e932                _native_LED_GREEN_ON
 .text._native_LED_RED_OFF
                0x000000000804e967       0x35 /home/vagrant/Tutorials/experiments/MAC/server/bin/native/native-drivers.a(native-led.o)
                0x000000000804e967                _native_LED_RED_OFF
 .text.od_hex_dump
                0x000000000804e99c       0xe0 /home/vagrant/Tutorials/experiments/MAC/server/bin/native/od.a(od.o)
                0x000000000804e99c                od_hex_dump
 .text.tty_uart_setup
                0x000000000804ea7c       0x50 /home/vagrant/Tutorials/experiments/MAC/server/bin/native/periph.a(uart.o)
                0x000000000804ea7c                tty_uart_setup
 .text.pm_set_lowest
                0x000000000804eacc       0x61 /home/vagrant/Tutorials/experiments/MAC/server/bin/native/periph.a(pm.o)
                0x000000000804eacc                pm_set_lowest
 .text.pm_off   0x000000000804eb2d       0x2d /home/vagrant/Tutorials/experiments/MAC/server/bin/native/periph.a(pm.o)
                0x000000000804eb2d                pm_off
 .text.pm_reboot
                0x000000000804eb5a       0x68 /home/vagrant/Tutorials/experiments/MAC/server/bin/native/periph.a(pm.o)
                0x000000000804eb5a                pm_reboot
 .text.ps       0x000000000804ebc2      0x1af /home/vagrant/Tutorials/experiments/MAC/server/bin/native/ps.a(ps.o)
                0x000000000804ebc2                ps
 .text.find_handler
                0x000000000804ed71       0x94 /home/vagrant/Tutorials/experiments/MAC/server/bin/native/shell.a(shell.o)
 .text.print_help
                0x000000000804ee05       0xb1 /home/vagrant/Tutorials/experiments/MAC/server/bin/native/shell.a(shell.o)
 .text.handle_input_line
                0x000000000804eeb6      0x318 /home/vagrant/Tutorials/experiments/MAC/server/bin/native/shell.a(shell.o)
 .text.readline
                0x000000000804f1ce      0x112 /home/vagrant/Tutorials/experiments/MAC/server/bin/native/shell.a(shell.o)
 .text.print_prompt
                0x000000000804f2e0       0x3f /home/vagrant/Tutorials/experiments/MAC/server/bin/native/shell.a(shell.o)
 .text.shell_run
                0x000000000804f31f       0x5b /home/vagrant/Tutorials/experiments/MAC/server/bin/native/shell.a(shell.o)
                0x000000000804f31f                shell_run
 .text._reboot_handler
                0x000000000804f37a       0x3a /home/vagrant/Tutorials/experiments/MAC/server/bin/native/shell_commands.a(sc_sys.o)
                0x000000000804f37a                _reboot_handler
 .text._ps_handler
                0x000000000804f3b4       0x3a /home/vagrant/Tutorials/experiments/MAC/server/bin/native/shell_commands.a(sc_ps.o)
                0x000000000804f3b4                _ps_handler
 .text.gnrc_pktbuf_release
                0x000000000804f3ee       0x3b /home/vagrant/Tutorials/experiments/MAC/server/bin/native/shell_commands.a(sc_gnrc_netif.o)
 .text._is_number
                0x000000000804f429       0x5a /home/vagrant/Tutorials/experiments/MAC/server/bin/native/shell_commands.a(sc_gnrc_netif.o)
 .text._is_iface
                0x000000000804f483       0x40 /home/vagrant/Tutorials/experiments/MAC/server/bin/native/shell_commands.a(sc_gnrc_netif.o)
 .text._set_usage
                0x000000000804f4c3       0x4e /home/vagrant/Tutorials/experiments/MAC/server/bin/native/shell_commands.a(sc_gnrc_netif.o)
 .text._flag_usage
                0x000000000804f511       0x8f /home/vagrant/Tutorials/experiments/MAC/server/bin/native/shell_commands.a(sc_gnrc_netif.o)
 .text._add_usage
                0x000000000804f5a0       0x3e /home/vagrant/Tutorials/experiments/MAC/server/bin/native/shell_commands.a(sc_gnrc_netif.o)
 .text._del_usage
                0x000000000804f5de       0x3e /home/vagrant/Tutorials/experiments/MAC/server/bin/native/shell_commands.a(sc_gnrc_netif.o)
 .text._print_netopt
                0x000000000804f61c      0x1a7 /home/vagrant/Tutorials/experiments/MAC/server/bin/native/shell_commands.a(sc_gnrc_netif.o)
 .text._newline
                0x000000000804f7c3       0x52 /home/vagrant/Tutorials/experiments/MAC/server/bin/native/shell_commands.a(sc_gnrc_netif.o)
 .text._netif_list_flag
                0x000000000804f815       0x9d /home/vagrant/Tutorials/experiments/MAC/server/bin/native/shell_commands.a(sc_gnrc_netif.o)
 .text._netif_list
                0x000000000804f8b2      0x5f9 /home/vagrant/Tutorials/experiments/MAC/server/bin/native/shell_commands.a(sc_gnrc_netif.o)
 .text._netif_set_u32
                0x000000000804feab      0x186 /home/vagrant/Tutorials/experiments/MAC/server/bin/native/shell_commands.a(sc_gnrc_netif.o)
 .text._netif_set_bandwidth
                0x0000000008050031       0xf4 /home/vagrant/Tutorials/experiments/MAC/server/bin/native/shell_commands.a(sc_gnrc_netif.o)
 .text._netif_set_coding_rate
                0x0000000008050125      0x111 /home/vagrant/Tutorials/experiments/MAC/server/bin/native/shell_commands.a(sc_gnrc_netif.o)
 .text._netif_set_u16
                0x0000000008050236      0x1a9 /home/vagrant/Tutorials/experiments/MAC/server/bin/native/shell_commands.a(sc_gnrc_netif.o)
 .text._netif_set_i16
                0x00000000080503df       0xdd /home/vagrant/Tutorials/experiments/MAC/server/bin/native/shell_commands.a(sc_gnrc_netif.o)
 .text._netif_set_u8
                0x00000000080504bc       0xe6 /home/vagrant/Tutorials/experiments/MAC/server/bin/native/shell_commands.a(sc_gnrc_netif.o)
 .text._netif_set_flag
                0x00000000080505a2       0x96 /home/vagrant/Tutorials/experiments/MAC/server/bin/native/shell_commands.a(sc_gnrc_netif.o)
 .text._netif_set_addr
                0x0000000008050638       0xfc /home/vagrant/Tutorials/experiments/MAC/server/bin/native/shell_commands.a(sc_gnrc_netif.o)
 .text._netif_set_state
                0x0000000008050734      0x23d /home/vagrant/Tutorials/experiments/MAC/server/bin/native/shell_commands.a(sc_gnrc_netif.o)
 .text._hex_to_int
                0x0000000008050971       0x6e /home/vagrant/Tutorials/experiments/MAC/server/bin/native/shell_commands.a(sc_gnrc_netif.o)
 .text._netif_set_encrypt_key
                0x00000000080509df      0x266 /home/vagrant/Tutorials/experiments/MAC/server/bin/native/shell_commands.a(sc_gnrc_netif.o)
 .text._usage   0x0000000008050c45       0x76 /home/vagrant/Tutorials/experiments/MAC/server/bin/native/shell_commands.a(sc_gnrc_netif.o)
 .text._netif_set
                0x0000000008050cbb      0x447 /home/vagrant/Tutorials/experiments/MAC/server/bin/native/shell_commands.a(sc_gnrc_netif.o)
 .text._netif_flag
                0x0000000008051102       0xb6 /home/vagrant/Tutorials/experiments/MAC/server/bin/native/shell_commands.a(sc_gnrc_netif.o)
 .text._netif_add
                0x00000000080511b8       0x52 /home/vagrant/Tutorials/experiments/MAC/server/bin/native/shell_commands.a(sc_gnrc_netif.o)
 .text._netif_del
                0x000000000805120a       0x46 /home/vagrant/Tutorials/experiments/MAC/server/bin/native/shell_commands.a(sc_gnrc_netif.o)
 .text._gnrc_netif_send
                0x0000000008051250      0x1f8 /home/vagrant/Tutorials/experiments/MAC/server/bin/native/shell_commands.a(sc_gnrc_netif.o)
                0x0000000008051250                _gnrc_netif_send
 .text._gnrc_netif_config
                0x0000000008051448      0x28f /home/vagrant/Tutorials/experiments/MAC/server/bin/native/shell_commands.a(sc_gnrc_netif.o)
                0x0000000008051448                _gnrc_netif_config
 .text._xtimer_lltimer_now
                0x00000000080516d7       0x31 /home/vagrant/Tutorials/experiments/MAC/server/bin/native/xtimer.a(xtimer_core.o)
 .text._xtimer_lltimer_mask
                0x0000000008051708       0x2d /home/vagrant/Tutorials/experiments/MAC/server/bin/native/xtimer.a(xtimer_core.o)
 .text.xtimer_init
                0x0000000008051735       0x48 /home/vagrant/Tutorials/experiments/MAC/server/bin/native/xtimer.a(xtimer_core.o)
                0x0000000008051735                xtimer_init
 .text._periph_timer_callback
                0x000000000805177d       0x36 /home/vagrant/Tutorials/experiments/MAC/server/bin/native/xtimer.a(xtimer_core.o)
 .text._shoot   0x00000000080517b3       0x40 /home/vagrant/Tutorials/experiments/MAC/server/bin/native/xtimer.a(xtimer_core.o)
 .text._lltimer_set
                0x00000000080517f3       0x54 /home/vagrant/Tutorials/experiments/MAC/server/bin/native/xtimer.a(xtimer_core.o)
 .text._time_left
                0x0000000008051847       0x5c /home/vagrant/Tutorials/experiments/MAC/server/bin/native/xtimer.a(xtimer_core.o)
 .text._this_high_period
                0x00000000080518a3       0x2f /home/vagrant/Tutorials/experiments/MAC/server/bin/native/xtimer.a(xtimer_core.o)
 .text._compare
                0x00000000080518d2       0x65 /home/vagrant/Tutorials/experiments/MAC/server/bin/native/xtimer.a(xtimer_core.o)
 .text._merge_lists
                0x0000000008051937       0x9f /home/vagrant/Tutorials/experiments/MAC/server/bin/native/xtimer.a(xtimer_core.o)
 .text._select_long_timers
                0x00000000080519d6       0xc3 /home/vagrant/Tutorials/experiments/MAC/server/bin/native/xtimer.a(xtimer_core.o)
 .text._next_period
                0x0000000008051a99       0x4b /home/vagrant/Tutorials/experiments/MAC/server/bin/native/xtimer.a(xtimer_core.o)
 .text._timer_callback
                0x0000000008051ae4      0x1c4 /home/vagrant/Tutorials/experiments/MAC/server/bin/native/xtimer.a(xtimer_core.o)
 .text.auto_init
                0x0000000008051ca8       0x34 /home/vagrant/Tutorials/experiments/MAC/server/bin/native/auto_init.a(auto_init.o)
                0x0000000008051ca8                auto_init
 .text.auto_init_netdev_tap
                0x0000000008051cdc       0x9e /home/vagrant/Tutorials/experiments/MAC/server/bin/native/auto_init_gnrc_netif.a(auto_init_netdev_tap.o)
                0x0000000008051cdc                auto_init_netdev_tap
 .text.list_remove_head
                0x0000000008051d7a       0x45 /home/vagrant/Tutorials/experiments/MAC/server/bin/native/core.a(mutex.o)
 .text._mutex_lock
                0x0000000008051dbf       0xde /home/vagrant/Tutorials/experiments/MAC/server/bin/native/core.a(mutex.o)
                0x0000000008051dbf                _mutex_lock
 .text.mutex_unlock
                0x0000000008051e9d       0xe0 /home/vagrant/Tutorials/experiments/MAC/server/bin/native/core.a(mutex.o)
                0x0000000008051e9d                mutex_unlock
 .text.mutex_trylock
                0x0000000008051f7d       0x3a /home/vagrant/Tutorials/experiments/MAC/server/bin/native/core.a(rmutex.o)
 .text.mutex_lock